Archive member included to satisfy reference by file (symbol)

s:/microprocesadores/compiler/bin/bin/../../lib/gcc/pic32mx/8.3.1/../../../../pic32mx/lib\libpic32.a(default-bootstrap-exception-handler.o)
                              C:\Users\Usuario\AppData\Local\Temp\cczvIf4o.o (_bootstrap_exception_handler)
s:/microprocesadores/compiler/bin/bin/../../lib/gcc/pic32mx/8.3.1/../../../../pic32mx/lib\libpic32.a(default-on-reset.o)
                              C:\Users\Usuario\AppData\Local\Temp\cczvIf4o.o (_on_reset)
s:/microprocesadores/compiler/bin/bin/../../lib/gcc/pic32mx/8.3.1/../../../../pic32mx/lib\libpic32.a(default-on-bootstrap.o)
                              C:\Users\Usuario\AppData\Local\Temp\cczvIf4o.o (_on_bootstrap)
s:/microprocesadores/compiler/bin/bin/../../lib/gcc/pic32mx/8.3.1/../../../../pic32mx/lib\libpic32.a(default-nmi-handler.o)
                              C:\Users\Usuario\AppData\Local\Temp\cczvIf4o.o (_nmi_handler)
s:/microprocesadores/compiler/bin/bin/../../lib/gcc/pic32mx/8.3.1/../../../../pic32mx/lib\libpic32.a(pic32_data_init_wrapper.o)
                              C:\Users\Usuario\AppData\Local\Temp\cczvIf4o.o (__pic32_data_init)
s:/microprocesadores/compiler/bin/bin/../../lib/gcc/pic32mx/8.3.1/../../../../pic32mx/lib\libpic32.a(pic32_data_init_0_1.o)
                              (__copy_needed)
s:/microprocesadores/compiler/bin/bin/../../lib/gcc/pic32mx/8.3.1/../../../../pic32mx/lib\libpic32.a(general-exception.o)
                              C:\Users\Usuario\AppData\Local\Temp\cczvIf4o.o (_general_exception_context)
s:/microprocesadores/compiler/bin/bin/../../lib/gcc/pic32mx/8.3.1/../../../../pic32mx/lib\libpic32.a(vector0.o)
                              C:\Users\Usuario\AppData\Local\Temp\ccpgX2F1.o (__vector_dispatch_0)
s:/microprocesadores/compiler/bin/bin/../../lib/gcc/pic32mx/8.3.1/../../../../pic32mx/lib\libpic32.a(vector1.o)
                              C:\Users\Usuario\AppData\Local\Temp\ccpgX2F1.o (__vector_dispatch_1)
s:/microprocesadores/compiler/bin/bin/../../lib/gcc/pic32mx/8.3.1/../../../../pic32mx/lib\libpic32.a(vector2.o)
                              C:\Users\Usuario\AppData\Local\Temp\ccpgX2F1.o (__vector_dispatch_2)
s:/microprocesadores/compiler/bin/bin/../../lib/gcc/pic32mx/8.3.1/../../../../pic32mx/lib\libpic32.a(vector3.o)
                              C:\Users\Usuario\AppData\Local\Temp\ccpgX2F1.o (__vector_dispatch_3)
s:/microprocesadores/compiler/bin/bin/../../lib/gcc/pic32mx/8.3.1/../../../../pic32mx/lib\libpic32.a(vector5.o)
                              C:\Users\Usuario\AppData\Local\Temp\ccpgX2F1.o (__vector_dispatch_5)
s:/microprocesadores/compiler/bin/bin/../../lib/gcc/pic32mx/8.3.1/../../../../pic32mx/lib\libpic32.a(vector6.o)
                              C:\Users\Usuario\AppData\Local\Temp\ccpgX2F1.o (__vector_dispatch_6)
s:/microprocesadores/compiler/bin/bin/../../lib/gcc/pic32mx/8.3.1/../../../../pic32mx/lib\libpic32.a(vector7.o)
                              C:\Users\Usuario\AppData\Local\Temp\ccpgX2F1.o (__vector_dispatch_7)
s:/microprocesadores/compiler/bin/bin/../../lib/gcc/pic32mx/8.3.1/../../../../pic32mx/lib\libpic32.a(vector8.o)
                              C:\Users\Usuario\AppData\Local\Temp\ccpgX2F1.o (__vector_dispatch_8)
s:/microprocesadores/compiler/bin/bin/../../lib/gcc/pic32mx/8.3.1/../../../../pic32mx/lib\libpic32.a(vector9.o)
                              C:\Users\Usuario\AppData\Local\Temp\ccpgX2F1.o (__vector_dispatch_9)
s:/microprocesadores/compiler/bin/bin/../../lib/gcc/pic32mx/8.3.1/../../../../pic32mx/lib\libpic32.a(vector10.o)
                              C:\Users\Usuario\AppData\Local\Temp\ccpgX2F1.o (__vector_dispatch_10)
s:/microprocesadores/compiler/bin/bin/../../lib/gcc/pic32mx/8.3.1/../../../../pic32mx/lib\libpic32.a(vector11.o)
                              C:\Users\Usuario\AppData\Local\Temp\ccpgX2F1.o (__vector_dispatch_11)
s:/microprocesadores/compiler/bin/bin/../../lib/gcc/pic32mx/8.3.1/../../../../pic32mx/lib\libpic32.a(vector13.o)
                              C:\Users\Usuario\AppData\Local\Temp\ccpgX2F1.o (__vector_dispatch_13)
s:/microprocesadores/compiler/bin/bin/../../lib/gcc/pic32mx/8.3.1/../../../../pic32mx/lib\libpic32.a(vector14.o)
                              C:\Users\Usuario\AppData\Local\Temp\ccpgX2F1.o (__vector_dispatch_14)
s:/microprocesadores/compiler/bin/bin/../../lib/gcc/pic32mx/8.3.1/../../../../pic32mx/lib\libpic32.a(vector15.o)
                              C:\Users\Usuario\AppData\Local\Temp\ccpgX2F1.o (__vector_dispatch_15)
s:/microprocesadores/compiler/bin/bin/../../lib/gcc/pic32mx/8.3.1/../../../../pic32mx/lib\libpic32.a(vector17.o)
                              C:\Users\Usuario\AppData\Local\Temp\ccpgX2F1.o (__vector_dispatch_17)
s:/microprocesadores/compiler/bin/bin/../../lib/gcc/pic32mx/8.3.1/../../../../pic32mx/lib\libpic32.a(vector18.o)
                              C:\Users\Usuario\AppData\Local\Temp\ccpgX2F1.o (__vector_dispatch_18)
[...]
Memory Configuration

Name             Origin             Length             Attributes
kseg0_program_mem 0x000000009d000000 0x000000000000f000 xr
exception_mem    0x000000009d00f000 0x0000000000001000
debug_exec_mem   0x000000009fc00490 0x0000000000000760
kseg0_boot_mem   0x000000009fc00490 0x0000000000000000
kseg1_boot_mem   0x00000000bfc00000 0x0000000000000490
config3          0x00000000bfc00bf0 0x0000000000000004
config2          0x00000000bfc00bf4 0x0000000000000004
config1          0x00000000bfc00bf8 0x0000000000000004
config0          0x00000000bfc00bfc 0x0000000000000004
kseg1_data_mem   0x00000000a0000000 0x0000000000004000 w !x
sfrs             0x00000000bf800000 0x0000000000100000
configsfrs       0x00000000bfc00bf0 0x0000000000000010
*default*        0x0000000000000000 0xffffffffffffffff

Linker script and memory map

LOAD s:/microprocesadores/compiler/bin/bin/../../lib/gcc/pic32mx/8.3.1/../../../../pic32mx/lib\debug-exception-return.o
LOAD build/default/production/Pic32Ini.o
LOAD build/default/production/retardo.o
LOAD build/default/production/COCHE.o
LOAD build/default/production/PFinal.o
LOAD build/default/production/UART.o
LOAD build/default/production/buzzer.o
LOAD build/default/production/ultrasound_sensor.o
LOAD build/default/production/LucesParpadeo.o
                0x0000000000000001                __MPLAB_BUILD = 0x1
LOAD C:\Users\Usuario\AppData\Local\Temp\cczvIf4o.o
LOAD C:\Users\Usuario\AppData\Local\Temp\ccRMD1fF.o
LOAD C:\Users\Usuario\AppData\Local\Temp\ccpgX2F1.o
LOAD s:/microprocesadores/compiler/bin/bin/../../lib/gcc/pic32mx/8.3.1/../../../../pic32mx/lib\pic32_software_reset.o
LOAD s:/microprocesadores/compiler/bin/bin/../../lib/gcc/pic32mx/8.3.1\libgcc.a
START GROUP
LOAD s:/microprocesadores/compiler/bin/bin/../../lib/gcc/pic32mx/8.3.1/../../../../pic32mx/lib\libpic32.a
LOAD s:/microprocesadores/compiler/bin/bin/../../lib/gcc/pic32mx/8.3.1/../../../../pic32mx/lib\libdebug.a
LOAD s:/microprocesadores/compiler/bin/bin/../../lib/gcc/pic32mx/8.3.1/../../../../pic32mx/lib\libc-musl.a
LOAD s:/microprocesadores/compiler/bin/bin/../../lib/gcc/pic32mx/8.3.1/../../../../pic32mx/lib\libm.a
LOAD s:/microprocesadores/compiler/bin/bin/../../lib/gcc/pic32mx/8.3.1/../../../../pic32mx/lib\libe.a
LOAD s:/microprocesadores/compiler/bin/bin/../../lib/gcc/pic32mx/8.3.1/../../../../pic32mx/lib\libm-musl.a
LOAD s:/microprocesadores/compiler/bin/bin/../../lib/gcc/pic32mx/8.3.1/../../../../pic32mx/lib\libdsp.a
LOAD s:/microprocesadores/compiler/bin/bin/../../lib/gcc/pic32mx/8.3.1\libgcc.a
END GROUP
LOAD s:/microprocesadores/compiler/bin/bin/../../lib/gcc/pic32mx/8.3.1\libgcc.a
                0x0000000000000400                PROVIDE (_min_stack_size = 0x400)
START GROUP
LOAD libmchp_peripheral.a
END GROUP
START GROUP
LOAD libmchp_peripheral_32MX230F064D.a
END GROUP
                0x0000000000000001                PROVIDE (_vector_spacing = 0x1)
                0x000000009d00f000                PROVIDE (_ebase_address = 0x9d00f000)
                0x00000000bfc00000                _RESET_ADDR = 0xbfc00000
                0x00000000bfc00380                _BEV_EXCPT_ADDR = 0xbfc00380
                0x00000000bfc00480                _DBG_EXCPT_ADDR = 0xbfc00480
                0x000000009fc00490                _DBG_CODE_ADDR = 0x9fc00490
                0x0000000000000760                _DBG_CODE_SIZE = 0x760
                0x000000009d00f180                _GEN_EXCPT_ADDR = (_ebase_address + 0x180)

.config_BFC00BF0
                0x00000000bfc00bf0        0x4
 *(.config_BFC00BF0)
 .config_BFC00BF0
                0x00000000bfc00bf0        0x4 build/default/production/Pic32Ini.o
                0x00000000bfc00bf0                __config_BFC00BF0

.config_BFC00BF4
                0x00000000bfc00bf4        0x4
 *(.config_BFC00BF4)
 .config_BFC00BF4
                0x00000000bfc00bf4        0x4 build/default/production/Pic32Ini.o
                0x00000000bfc00bf4                __config_BFC00BF4

.config_BFC00BF8
                0x00000000bfc00bf8        0x4
 *(.config_BFC00BF8)
 .config_BFC00BF8
                0x00000000bfc00bf8        0x4 build/default/production/Pic32Ini.o
                0x00000000bfc00bf8                __config_BFC00BF8

.config_BFC00BFC
                0x00000000bfc00bfc        0x4
 *(.config_BFC00BFC)
 .config_BFC00BFC
                0x00000000bfc00bfc        0x4 build/default/production/Pic32Ini.o
                0x00000000bfc00bfc                __config_BFC00BFC

.reset          0x00000000bfc00000      0x178
 *(.reset)
 .reset         0x00000000bfc00000        0x8 C:\Users\Usuario\AppData\Local\Temp\cczvIf4o.o
                0x00000000bfc00000                _reset
 *(.reset.startup)
 .reset.startup
                0x00000000bfc00008      0x170 C:\Users\Usuario\AppData\Local\Temp\cczvIf4o.o
                0x00000000bfc00008                _startup

.bev_excpt      0x00000000bfc00380       0x10
 *(.bev_handler)
 .bev_handler   0x00000000bfc00380       0x10 C:\Users\Usuario\AppData\Local\Temp\cczvIf4o.o

.dbg_excpt      0x00000000bfc00480        0x0
                0x00000000bfc00480                . = (. + DEFINED (_DEBUGGER)?0x8:0x0)

.dbg_code       0x000000009fc00490        0x0
                0x000000009fc00490                . = (. + DEFINED (_DEBUGGER)?_DBG_CODE_SIZE:0x0)

.app_excpt      0x000000009d00f180       0x10
 *(.gen_handler)
 .gen_handler   0x000000009d00f180       0x10 C:\Users\Usuario\AppData\Local\Temp\cczvIf4o.o

.vector_0       0x000000009d00f200        0x8
 *(.vector_0)
 .vector_0      0x000000009d00f200        0x8 s:/microprocesadores/compiler/bin/bin/../../lib/gcc/pic32mx/8.3.1/../../../../pic32mx/lib\libpic32.a(vector0.o)
                0x000000009d00f200                __vector_dispatch_0
                0x0000000000000001                ASSERT (((_vector_spacing == 0x0) || (SIZEOF (.vector_0) <= (_vector_spacing << 0x5))), function at exception vector 0 too large)

.vector_1       0x000000009d00f220        0x8
 *(.vector_1)
 .vector_1      0x000000009d00f220        0x8 s:/microprocesadores/compiler/bin/bin/../../lib/gcc/pic32mx/8.3.1/../../../../pic32mx/lib\libpic32.a(vector1.o)
                0x000000009d00f220                __vector_dispatch_1
                0x0000000000000001                ASSERT (((_vector_spacing == 0x0) || (SIZEOF (.vector_1) <= (_vector_spacing << 0x5))), function at exception vector 1 too large)

.vector_2       0x000000009d00f240        0x8
 *(.vector_2)
 .vector_2      0x000000009d00f240        0x8 s:/microprocesadores/compiler/bin/bin/../../lib/gcc/pic32mx/8.3.1/../../../../pic32mx/lib\libpic32.a(vector2.o)
                0x000000009d00f240                __vector_dispatch_2
                0x0000000000000001                ASSERT (((_vector_spacing == 0x0) || (SIZEOF (.vector_2) <= (_vector_spacing << 0x5))), function at exception vector 2 too large)

.vector_3       0x000000009d00f260        0x8
 *(.vector_3)
 .vector_3      0x000000009d00f260        0x8 s:/microprocesadores/compiler/bin/bin/../../lib/gcc/pic32mx/8.3.1/../../../../pic32mx/lib\libpic32.a(vector3.o)
                0x000000009d00f260                __vector_dispatch_3
                0x0000000000000001                ASSERT (((_vector_spacing == 0x0) || (SIZEOF (.vector_3) <= (_vector_spacing << 0x5))), function at exception vector 3 too large)

.vector_4       0x000000009d00f280        0x8
 *(.vector_4)
 .vector_4      0x000000009d00f280        0x8 build/default/production/ultrasound_sensor.o
                0x000000009d00f280                __vector_dispatch_4
                0x0000000000000001                ASSERT (((_vector_spacing == 0x0) || (SIZEOF (.vector_4) <= (_vector_spacing << 0x5))), function at exception vector 4 too large)

.vector_5       0x000000009d00f2a0        0x8
 *(.vector_5)
 .vector_5      0x000000009d00f2a0        0x8 s:/microprocesadores/compiler/bin/bin/../../lib/gcc/pic32mx/8.3.1/../../../../pic32mx/lib\libpic32.a(vector5.o)
                0x000000009d00f2a0                __vector_dispatch_5
                0x0000000000000001                ASSERT (((_vector_spacing == 0x0) || (SIZEOF (.vector_5) <= (_vector_spacing << 0x5))), function at exception vector 5 too large)

.vector_6       0x000000009d00f2c0        0x8
 *(.vector_6)
 .vector_6      0x000000009d00f2c0        0x8 s:/microprocesadores/compiler/bin/bin/../../lib/gcc/pic32mx/8.3.1/../../../../pic32mx/lib\libpic32.a(vector6.o)
                0x000000009d00f2c0                __vector_dispatch_6
                0x0000000000000001                ASSERT (((_vector_spacing == 0x0) || (SIZEOF (.vector_6) <= (_vector_spacing << 0x5))), function at exception vector 6 too large)

.vector_7       0x000000009d00f2e0        0x8
 *(.vector_7)
 .vector_7      0x000000009d00f2e0        0x8 s:/microprocesadores/compiler/bin/bin/../../lib/gcc/pic32mx/8.3.1/../../../../pic32mx/lib\libpic32.a(vector7.o)
                0x000000009d00f2e0                __vector_dispatch_7
                0x0000000000000001                ASSERT (((_vector_spacing == 0x0) || (SIZEOF (.vector_7) <= (_vector_spacing << 0x5))), function at exception vector 7 too large)

.vector_8       0x000000009d00f300        0x8
 *(.vector_8)
 .vector_8      0x000000009d00f300        0x8 s:/microprocesadores/compiler/bin/bin/../../lib/gcc/pic32mx/8.3.1/../../../../pic32mx/lib\libpic32.a(vector8.o)
                0x000000009d00f300                __vector_dispatch_8
                0x0000000000000001                ASSERT (((_vector_spacing == 0x0) || (SIZEOF (.vector_8) <= (_vector_spacing << 0x5))), function at exception vector 8 too large)

.vector_9       0x000000009d00f320        0x8
 *(.vector_9)
 .vector_9      0x000000009d00f320        0x8 s:/microprocesadores/compiler/bin/bin/../../lib/gcc/pic32mx/8.3.1/../../../../pic32mx/lib\libpic32.a(vector9.o)
                0x000000009d00f320                __vector_dispatch_9
                0x0000000000000001                ASSERT (((_vector_spacing == 0x0) || (SIZEOF (.vector_9) <= (_vector_spacing << 0x5))), function at exception vector 9 too large)

.vector_10      0x000000009d00f340        0x8
 *(.vector_10)
 .vector_10     0x000000009d00f340        0x8 s:/microprocesadores/compiler/bin/bin/../../lib/gcc/pic32mx/8.3.1/../../../../pic32mx/lib\libpic32.a(vector10.o)
                0x000000009d00f340                __vector_dispatch_10
                0x0000000000000001                ASSERT (((_vector_spacing == 0x0) || (SIZEOF (.vector_10) <= (_vector_spacing << 0x5))), function at exception vector 10 too large)

.vector_11      0x000000009d00f360        0x8
 *(.vector_11)
 .vector_11     0x000000009d00f360        0x8 s:/microprocesadores/compiler/bin/bin/../../lib/gcc/pic32mx/8.3.1/../../../../pic32mx/lib\libpic32.a(vector11.o)
                0x000000009d00f360                __vector_dispatch_11
                0x0000000000000001                ASSERT (((_vector_spacing == 0x0) || (SIZEOF (.vector_11) <= (_vector_spacing << 0x5))), function at exception vector 11 too large)

.vector_12      0x000000009d00f380        0x8
 *(.vector_12)
 .vector_12     0x000000009d00f380        0x8 build/default/production/buzzer.o
                0x000000009d00f380                __vector_dispatch_12
                0x0000000000000001                ASSERT (((_vector_spacing == 0x0) || (SIZEOF (.vector_12) <= (_vector_spacing << 0x5))), function at exception vector 12 too large)

.vector_13      0x000000009d00f3a0        0x8
 *(.vector_13)
 .vector_13     0x000000009d00f3a0        0x8 s:/microprocesadores/compiler/bin/bin/../../lib/gcc/pic32mx/8.3.1/../../../../pic32mx/lib\libpic32.a(vector13.o)
                0x000000009d00f3a0                __vector_dispatch_13
                0x0000000000000001                ASSERT (((_vector_spacing == 0x0) || (SIZEOF (.vector_13) <= (_vector_spacing << 0x5))), function at exception vector 13 too large)

.vector_14      0x000000009d00f3c0        0x8
 *(.vector_14)
 .vector_14     0x000000009d00f3c0        0x8 s:/microprocesadores/compiler/bin/bin/../../lib/gcc/pic32mx/8.3.1/../../../../pic32mx/lib\libpic32.a(vector14.o)
                0x000000009d00f3c0                __vector_dispatch_14
                0x0000000000000001                ASSERT (((_vector_spacing == 0x0) || (SIZEOF (.vector_14) <= (_vector_spacing << 0x5))), function at exception vector 14 too large)

.vector_15      0x000000009d00f3e0        0x8
 *(.vector_15)
 .vector_15     0x000000009d00f3e0        0x8 s:/microprocesadores/compiler/bin/bin/../../lib/gcc/pic32mx/8.3.1/../../../../pic32mx/lib\libpic32.a(vector15.o)
                0x000000009d00f3e0                __vector_dispatch_15
                0x0000000000000001                ASSERT (((_vector_spacing == 0x0) || (SIZEOF (.vector_15) <= (_vector_spacing << 0x5))), function at exception vector 15 too large)

.vector_16      0x000000009d00f400        0x8
 *(.vector_16)
 .vector_16     0x000000009d00f400        0x8 build/default/production/ultrasound_sensor.o
                0x000000009d00f400                __vector_dispatch_16
                0x0000000000000001                ASSERT (((_vector_spacing == 0x0) || (SIZEOF (.vector_16) <= (_vector_spacing << 0x5))), function at exception vector 16 too large)

.vector_17      0x000000009d00f420        0x8
 *(.vector_17)
 .vector_17     0x000000009d00f420        0x8 s:/microprocesadores/compiler/bin/bin/../../lib/gcc/pic32mx/8.3.1/../../../../pic32mx/lib\libpic32.a(vector17.o)
                0x000000009d00f420                __vector_dispatch_17
                0x0000000000000001                ASSERT (((_vector_spacing == 0x0) || (SIZEOF (.vector_17) <= (_vector_spacing << 0x5))), function at exception vector 17 too large)

.vector_18      0x000000009d00f440        0x8
 *(.vector_18)
 .vector_18     0x000000009d00f440        0x8 s:/microprocesadores/compiler/bin/bin/../../lib/gcc/pic32mx/8.3.1/../../../../pic32mx/lib\libpic32.a(vector18.o)
                0x000000009d00f440                __vector_dispatch_18
                0x0000000000000001                ASSERT (((_vector_spacing == 0x0) || (SIZEOF (.vector_18) <= (_vector_spacing << 0x5))), function at exception vector 18 too large)

.vector_19      0x000000009d00f460        0x8
 *(.vector_19)
 .vector_19     0x000000009d00f460        0x8 s:/microprocesadores/compiler/bin/bin/../../lib/gcc/pic32mx/8.3.1/../../../../pic32mx/lib\libpic32.a(vector19.o)
                0x000000009d00f460                __vector_dispatch_19
                0x0000000000000001                ASSERT (((_vector_spacing == 0x0) || (SIZEOF (.vector_19) <= (_vector_spacing << 0x5))), function at exception vector 19 too large)

.vector_20      0x000000009d00f480        0x8
 *(.vector_20)
 .vector_20     0x000000009d00f480        0x8 build/default/production/LucesParpadeo.o
                0x000000009d00f480                __vector_dispatch_20
                0x0000000000000001                ASSERT (((_vector_spacing == 0x0) || (SIZEOF (.vector_20) <= (_vector_spacing << 0x5))), function at exception vector 20 too large)

.vector_21      0x000000009d00f4a0        0x8
 *(.vector_21)
 .vector_21     0x000000009d00f4a0        0x8 s:/microprocesadores/compiler/bin/bin/../../lib/gcc/pic32mx/8.3.1/../../../../pic32mx/lib\libpic32.a(vector21.o)
                0x000000009d00f4a0                __vector_dispatch_21
                0x0000000000000001                ASSERT (((_vector_spacing == 0x0) || (SIZEOF (.vector_21) <= (_vector_spacing << 0x5))), function at exception vector 21 too large)

.vector_22      0x000000009d00f4c0        0x8
 *(.vector_22)
 .vector_22     0x000000009d00f4c0        0x8 s:/microprocesadores/compiler/bin/bin/../../lib/gcc/pic32mx/8.3.1/../../../../pic32mx/lib\libpic32.a(vector22.o)
                0x000000009d00f4c0                __vector_dispatch_22
                0x0000000000000001                ASSERT (((_vector_spacing == 0x0) || (SIZEOF (.vector_22) <= (_vector_spacing << 0x5))), function at exception vector 22 too large)

.vector_23      0x000000009d00f4e0        0x8
 *(.vector_23)
 .vector_23     0x000000009d00f4e0        0x8 s:/microprocesadores/compiler/bin/bin/../../lib/gcc/pic32mx/8.3.1/../../../../pic32mx/lib\libpic32.a(vector23.o)
                0x000000009d00f4e0                __vector_dispatch_23
                0x0000000000000001                ASSERT (((_vector_spacing == 0x0) || (SIZEOF (.vector_23) <= (_vector_spacing << 0x5))), function at exception vector 23 too large)

.vector_24      0x000000009d00f500        0x8
 *(.vector_24)
 .vector_24     0x000000009d00f500        0x8 s:/microprocesadores/compiler/bin/bin/../../lib/gcc/pic32mx/8.3.1/../../../../pic32mx/lib\libpic32.a(vector24.o)
                0x000000009d00f500                __vector_dispatch_24
                0x0000000000000001                ASSERT (((_vector_spacing == 0x0) || (SIZEOF (.vector_24) <= (_vector_spacing << 0x5))), function at exception vector 24 too large)

.vector_25      0x000000009d00f520        0x8
 *(.vector_25)
 .vector_25     0x000000009d00f520        0x8 s:/microprocesadores/compiler/bin/bin/../../lib/gcc/pic32mx/8.3.1/../../../../pic32mx/lib\libpic32.a(vector25.o)
                0x000000009d00f520                __vector_dispatch_25
                0x0000000000000001                ASSERT (((_vector_spacing == 0x0) || (SIZEOF (.vector_25) <= (_vector_spacing << 0x5))), function at exception vector 25 too large)

.vector_26      0x000000009d00f540        0x8
 *(.vector_26)
 .vector_26     0x000000009d00f540        0x8 s:/microprocesadores/compiler/bin/bin/../../lib/gcc/pic32mx/8.3.1/../../../../pic32mx/lib\libpic32.a(vector26.o)
                0x000000009d00f540                __vector_dispatch_26
                0x0000000000000001                ASSERT (((_vector_spacing == 0x0) || (SIZEOF (.vector_26) <= (_vector_spacing << 0x5))), function at exception vector 26 too large)

.vector_27      0x000000009d00f560        0x8
 *(.vector_27)
 .vector_27     0x000000009d00f560        0x8 s:/microprocesadores/compiler/bin/bin/../../lib/gcc/pic32mx/8.3.1/../../../../pic32mx/lib\libpic32.a(vector27.o)
                0x000000009d00f560                __vector_dispatch_27
                0x0000000000000001                ASSERT (((_vector_spacing == 0x0) || (SIZEOF (.vector_27) <= (_vector_spacing << 0x5))), function at exception vector 27 too large)

.vector_28      0x000000009d00f580        0x8
 *(.vector_28)
 .vector_28     0x000000009d00f580        0x8 s:/microprocesadores/compiler/bin/bin/../../lib/gcc/pic32mx/8.3.1/../../../../pic32mx/lib\libpic32.a(vector28.o)
                0x000000009d00f580                __vector_dispatch_28
                0x0000000000000001                ASSERT (((_vector_spacing == 0x0) || (SIZEOF (.vector_28) <= (_vector_spacing << 0x5))), function at exception vector 28 too large)

.vector_29      0x000000009d00f5a0        0x8
 *(.vector_29)
 .vector_29     0x000000009d00f5a0        0x8 s:/microprocesadores/compiler/bin/bin/../../lib/gcc/pic32mx/8.3.1/../../../../pic32mx/lib\libpic32.a(vector29.o)
                0x000000009d00f5a0                __vector_dispatch_29
                0x0000000000000001                ASSERT (((_vector_spacing == 0x0) || (SIZEOF (.vector_29) <= (_vector_spacing << 0x5))), function at exception vector 29 too large)

.vector_30      0x000000009d00f5c0        0x8
 *(.vector_30)
 .vector_30     0x000000009d00f5c0        0x8 s:/microprocesadores/compiler/bin/bin/../../lib/gcc/pic32mx/8.3.1/../../../../pic32mx/lib\libpic32.a(vector30.o)
                0x000000009d00f5c0                __vector_dispatch_30
                0x0000000000000001                ASSERT (((_vector_spacing == 0x0) || (SIZEOF (.vector_30) <= (_vector_spacing << 0x5))), function at exception vector 30 too large)

.vector_31      0x000000009d00f5e0        0x8
 *(.vector_31)
 .vector_31     0x000000009d00f5e0        0x8 s:/microprocesadores/compiler/bin/bin/../../lib/gcc/pic32mx/8.3.1/../../../../pic32mx/lib\libpic32.a(vector31.o)
                0x000000009d00f5e0                __vector_dispatch_31
                0x0000000000000001                ASSERT (((_vector_spacing == 0x0) || (SIZEOF (.vector_31) <= (_vector_spacing << 0x5))), function at exception vector 31 too large)

.vector_32      0x000000009d00f600        0x8
 *(.vector_32)
 .vector_32     0x000000009d00f600        0x8 build/default/production/UART.o
                0x000000009d00f600                __vector_dispatch_32
                0x0000000000000001                ASSERT (((_vector_spacing == 0x0) || (SIZEOF (.vector_32) <= (_vector_spacing << 0x5))), function at exception vector 32 too large)

.vector_33      0x000000009d00f620        0x8
 *(.vector_33)
 .vector_33     0x000000009d00f620        0x8 s:/microprocesadores/compiler/bin/bin/../../lib/gcc/pic32mx/8.3.1/../../../../pic32mx/lib\libpic32.a(vector33.o)
                0x000000009d00f620                __vector_dispatch_33
                0x0000000000000001                ASSERT (((_vector_spacing == 0x0) || (SIZEOF (.vector_33) <= (_vector_spacing << 0x5))), function at exception vector 33 too large)

.vector_34      0x000000009d00f640        0x8
 *(.vector_34)
 .vector_34     0x000000009d00f640        0x8 build/default/production/ultrasound_sensor.o
                0x000000009d00f640                __vector_dispatch_34
                0x0000000000000001                ASSERT (((_vector_spacing == 0x0) || (SIZEOF (.vector_34) <= (_vector_spacing << 0x5))), function at exception vector 34 too large)

.vector_35      0x000000009d00f660        0x8
 *(.vector_35)
 .vector_35     0x000000009d00f660        0x8 s:/microprocesadores/compiler/bin/bin/../../lib/gcc/pic32mx/8.3.1/../../../../pic32mx/lib\libpic32.a(vector35.o)
                0x000000009d00f660                __vector_dispatch_35
                0x0000000000000001                ASSERT (((_vector_spacing == 0x0) || (SIZEOF (.vector_35) <= (_vector_spacing << 0x5))), function at exception vector 35 too large)

.vector_36      0x000000009d00f680        0x8
 *(.vector_36)
 .vector_36     0x000000009d00f680        0x8 s:/microprocesadores/compiler/bin/bin/../../lib/gcc/pic32mx/8.3.1/../../../../pic32mx/lib\libpic32.a(vector36.o)
                0x000000009d00f680                __vector_dispatch_36
                0x0000000000000001                ASSERT (((_vector_spacing == 0x0) || (SIZEOF (.vector_36) <= (_vector_spacing << 0x5))), function at exception vector 36 too large)

.vector_37      0x000000009d00f6a0        0x8
 *(.vector_37)
 .vector_37     0x000000009d00f6a0        0x8 s:/microprocesadores/compiler/bin/bin/../../lib/gcc/pic32mx/8.3.1/../../../../pic32mx/lib\libpic32.a(vector37.o)
                0x000000009d00f6a0                __vector_dispatch_37
                0x0000000000000001                ASSERT (((_vector_spacing == 0x0) || (SIZEOF (.vector_37) <= (_vector_spacing << 0x5))), function at exception vector 37 too large)

.vector_38      0x000000009d00f6c0        0x8
 *(.vector_38)
 .vector_38     0x000000009d00f6c0        0x8 s:/microprocesadores/compiler/bin/bin/../../lib/gcc/pic32mx/8.3.1/../../../../pic32mx/lib\libpic32.a(vector38.o)
                0x000000009d00f6c0                __vector_dispatch_38
                0x0000000000000001                ASSERT (((_vector_spacing == 0x0) || (SIZEOF (.vector_38) <= (_vector_spacing << 0x5))), function at exception vector 38 too large)

.vector_39      0x000000009d00f6e0        0x8
 *(.vector_39)
 .vector_39     0x000000009d00f6e0        0x8 s:/microprocesadores/compiler/bin/bin/../../lib/gcc/pic32mx/8.3.1/../../../../pic32mx/lib\libpic32.a(vector39.o)
                0x000000009d00f6e0                __vector_dispatch_39
                0x0000000000000001                ASSERT (((_vector_spacing == 0x0) || (SIZEOF (.vector_39) <= (_vector_spacing << 0x5))), function at exception vector 39 too large)

.vector_40      0x000000009d00f700        0x8
 *(.vector_40)
 .vector_40     0x000000009d00f700        0x8 s:/microprocesadores/compiler/bin/bin/../../lib/gcc/pic32mx/8.3.1/../../../../pic32mx/lib\libpic32.a(vector40.o)
                0x000000009d00f700                __vector_dispatch_40
                0x0000000000000001                ASSERT (((_vector_spacing == 0x0) || (SIZEOF (.vector_40) <= (_vector_spacing << 0x5))), function at exception vector 40 too large)

.vector_41      0x000000009d00f720        0x8
 *(.vector_41)
 .vector_41     0x000000009d00f720        0x8 s:/microprocesadores/compiler/bin/bin/../../lib/gcc/pic32mx/8.3.1/../../../../pic32mx/lib\libpic32.a(vector41.o)
                0x000000009d00f720                __vector_dispatch_41
                0x0000000000000001                ASSERT (((_vector_spacing == 0x0) || (SIZEOF (.vector_41) <= (_vector_spacing << 0x5))), function at exception vector 41 too large)

.vector_42      0x000000009d00f740        0x8
 *(.vector_42)
 .vector_42     0x000000009d00f740        0x8 s:/microprocesadores/compiler/bin/bin/../../lib/gcc/pic32mx/8.3.1/../../../../pic32mx/lib\libpic32.a(vector42.o)
                0x000000009d00f740                __vector_dispatch_42
                0x0000000000000001                ASSERT (((_vector_spacing == 0x0) || (SIZEOF (.vector_42) <= (_vector_spacing << 0x5))), function at exception vector 42 too large)

.vector_43      0x000000009d00f760        0x8
 *(.vector_43)
 .vector_43     0x000000009d00f760        0x8 s:/microprocesadores/compiler/bin/bin/../../lib/gcc/pic32mx/8.3.1/../../../../pic32mx/lib\libpic32.a(vector43.o)
                0x000000009d00f760                __vector_dispatch_43
                0x0000000000000001                ASSERT (((_vector_spacing == 0x0) || (SIZEOF (.vector_43) <= (_vector_spacing << 0x5))), function at exception vector 43 too large)

.vector_44      0x000000009d00f780        0x0
 *(.vector_44)
                0x0000000000000001                ASSERT (((_vector_spacing == 0x0) || (SIZEOF (.vector_44) <= (_vector_spacing << 0x5))), function at exception vector 44 too large)

.vector_45      0x000000009d00f7a0        0x0
 *(.vector_45)
                0x0000000000000001                ASSERT (((_vector_spacing == 0x0) || (SIZEOF (.vector_45) <= (_vector_spacing << 0x5))), function at exception vector 45 too large)

.vector_46      0x000000009d00f7c0        0x0
 *(.vector_46)
                0x0000000000000001                ASSERT (((_vector_spacing == 0x0) || (SIZEOF (.vector_46) <= (_vector_spacing << 0x5))), function at exception vector 46 too large)

.vector_47      0x000000009d00f7e0        0x0
 *(.vector_47)
                0x0000000000000001                ASSERT (((_vector_spacing == 0x0) || (SIZEOF (.vector_47) <= (_vector_spacing << 0x5))), function at exception vector 47 too large)

.vector_48      0x000000009d00f800        0x0
 *(.vector_48)
                0x0000000000000001                ASSERT (((_vector_spacing == 0x0) || (SIZEOF (.vector_48) <= (_vector_spacing << 0x5))), function at exception vector 48 too large)

.vector_49      0x000000009d00f820        0x0
 *(.vector_49)
                0x0000000000000001                ASSERT (((_vector_spacing == 0x0) || (SIZEOF (.vector_49) <= (_vector_spacing << 0x5))), function at exception vector 49 too large)

.vector_50      0x000000009d00f840        0x0
 *(.vector_50)
                0x0000000000000001                ASSERT (((_vector_spacing == 0x0) || (SIZEOF (.vector_50) <= (_vector_spacing << 0x5))), function at exception vector 50 too large)

.vector_51      0x000000009d00f860        0x0
 *(.vector_51)
                0x0000000000000001                ASSERT (((_vector_spacing == 0x0) || (SIZEOF (.vector_51) <= (_vector_spacing << 0x5))), function at exception vector 51 too large)

.vector_52      0x000000009d00f880        0x0
 *(.vector_52)
                0x0000000000000001                ASSERT (((_vector_spacing == 0x0) || (SIZEOF (.vector_52) <= (_vector_spacing << 0x5))), function at exception vector 52 too large)

.vector_53      0x000000009d00f8a0        0x0
 *(.vector_53)
                0x0000000000000001                ASSERT (((_vector_spacing == 0x0) || (SIZEOF (.vector_53) <= (_vector_spacing << 0x5))), function at exception vector 53 too large)

.vector_54      0x000000009d00f8c0        0x0
 *(.vector_54)
                0x0000000000000001                ASSERT (((_vector_spacing == 0x0) || (SIZEOF (.vector_54) <= (_vector_spacing << 0x5))), function at exception vector 54 too large)

.vector_55      0x000000009d00f8e0        0x0
 *(.vector_55)
                0x0000000000000001                ASSERT (((_vector_spacing == 0x0) || (SIZEOF (.vector_55) <= (_vector_spacing << 0x5))), function at exception vector 55 too large)

.vector_56      0x000000009d00f900        0x0
 *(.vector_56)
                0x0000000000000001                ASSERT (((_vector_spacing == 0x0) || (SIZEOF (.vector_56) <= (_vector_spacing << 0x5))), function at exception vector 56 too large)

.vector_57      0x000000009d00f920        0x0
 *(.vector_57)
                0x0000000000000001                ASSERT (((_vector_spacing == 0x0) || (SIZEOF (.vector_57) <= (_vector_spacing << 0x5))), function at exception vector 57 too large)

.vector_58      0x000000009d00f940        0x0
 *(.vector_58)
                0x0000000000000001                ASSERT (((_vector_spacing == 0x0) || (SIZEOF (.vector_58) <= (_vector_spacing << 0x5))), function at exception vector 58 too large)

.vector_59      0x000000009d00f960        0x0
 *(.vector_59)
                0x0000000000000001                ASSERT (((_vector_spacing == 0x0) || (SIZEOF (.vector_59) <= (_vector_spacing << 0x5))), function at exception vector 59 too large)

.vector_60      0x000000009d00f980        0x0
 *(.vector_60)
                0x0000000000000001                ASSERT (((_vector_spacing == 0x0) || (SIZEOF (.vector_60) <= (_vector_spacing << 0x5))), function at exception vector 60 too large)

.vector_61      0x000000009d00f9a0        0x0
 *(.vector_61)
                0x0000000000000001                ASSERT (((_vector_spacing == 0x0) || (SIZEOF (.vector_61) <= (_vector_spacing << 0x5))), function at exception vector 61 too large)

.vector_62      0x000000009d00f9c0        0x0
 *(.vector_62)
                0x0000000000000001                ASSERT (((_vector_spacing == 0x0) || (SIZEOF (.vector_62) <= (_vector_spacing << 0x5))), function at exception vector 62 too large)

.vector_63      0x000000009d00f9e0        0x0
 *(.vector_63)
                0x0000000000000001                ASSERT (((_vector_spacing == 0x0) || (SIZEOF (.vector_63) <= (_vector_spacing << 0x5))), function at exception vector 63 too large)

.startup
 *(.startup)

.text           0x000000009d000000        0x0
 *(.stub .gnu.linkonce.t.*)
 *(.text.*personality*)
 *(.mips16.fn.*)
 *(.mips16.call.*)
 *(.gnu.warning)
                0x000000009d000000                . = ALIGN (0x4)

.init           0x000000009d000000        0x0
 *crti.o(.init)
 *crtbegin.o(.init)
 *(EXCLUDE_FILE(*crtn.o *crtend?.o *crtend.o) .init)
 *crtend.o(.init)
 *crtn.o(.init)
                0x000000009d000000                . = ALIGN (0x4)

.fini           0x000000009d000000        0x0
 *(.fini)
                0x000000009d000000                . = ALIGN (0x4)

.preinit_array  0x000000009d000000        0x0
                [!provide]                        PROVIDE (__preinit_array_start = .)
 *(.preinit_array)
                [!provide]                        PROVIDE (__preinit_array_end = .)
                0x000000009d000000                . = ALIGN (0x4)

.init_array     0x000000009d000000        0x0
                [!provide]                        PROVIDE (__init_array_start = .)
 *(SORT_BY_NAME(.init_array.*))
 *(.init_array)
                [!provide]                        PROVIDE (__init_array_end = .)
                0x000000009d000000                . = ALIGN (0x4)

.fini_array     0x000000009d000000        0x0
                [!provide]                        PROVIDE (__fini_array_start = .)
 *(SORT_BY_NAME(.fini_array.*))
 *(.fini_array)
                [!provide]                        PROVIDE (__fini_array_end = .)
                0x000000009d000000                . = ALIGN (0x4)

.ctors          0x000000009d000000        0x0
 *crtbegin.o(.ctors)
 *crtbegin?.o(.ctors)
 *(EXCLUDE_FILE(*crtend?.o *crtend.o) .ctors)
 *(SORT_BY_NAME(.ctors.*))
 *(.ctors)
                0x000000009d000000                . = ALIGN (0x4)

.dtors          0x000000009d000000        0x0
 *crtbegin.o(.dtors)
 *crtbegin?.o(.dtors)
 *(EXCLUDE_FILE(*crtend?.o *crtend.o) .dtors)
 *(SORT_BY_NAME(.dtors.*))
 *(.dtors)
                0x000000009d000000                . = ALIGN (0x4)

.rodata         0x000000009d000000        0x0
 *(.gnu.linkonce.r.*)
 *(.rodata1)
                0x000000009d000000                . = ALIGN (0x4)

.sdata2         0x000000009d000000        0x0
 *(.sdata2 .sdata2.* .gnu.linkonce.s2.*)
                0x000000009d000000                . = ALIGN (0x4)

.sbss2          0x000000009d000000        0x0
 *(.sbss2 .sbss2.* .gnu.linkonce.sb2.*)
                0x000000009d000000                . = ALIGN (0x4)

.eh_frame_hdr
 *(.eh_frame_hdr)
                0x000000009d000000                . = ALIGN (0x4)

.eh_frame
 *(.eh_frame)
                0x000000009d000000                . = ALIGN (0x4)

.gcc_except_table
 *(.gcc_except_table .gcc_except_table.*)
                0x000000009d000000                . = ALIGN (0x4)

.dbg_data       0x00000000a0000000        0x0
                0x00000000a0000000                . = (. + DEFINED (_DEBUGGER)?0x200:0x0)

.jcr            0x00000000a0000000        0x0
 *(.jcr)
                0x00000000a0000000                . = ALIGN (0x4)

.eh_frame
 *(.eh_frame)
                0x00000000a0000000                . = ALIGN (0x4)

.gcc_except_table
 *(.gcc_except_table .gcc_except_table.*)
                0x00000000a0000000                . = ALIGN (0x4)

.persist        0x00000000a0000000        0x0
                0x00000000a0000000                _persist_begin = .
 *(.persist .persist.*)
                0x00000000a0000000                . = ALIGN (0x4)
                0x00000000a0000000                _persist_end = .

.data           0x00000000a0000000        0x0
 *(.gnu.linkonce.d.*)
 *(.data1)
                0x00000000a0000000                . = ALIGN (0x4)
                0x00000000a0000000                . = .
                0x00000000a0007ff0                _gp = (ALIGN (0x10) + 0x7ff0)

.got            0x00000000a0000000        0x0
 *(.got.plt)
 *(.got)
                0x00000000a0000000                . = ALIGN (0x4)

.sdata          0x00000000a0000000        0xc
                0x00000000a0000000                _sdata_begin = .
 *(.sdata .sdata.* .gnu.linkonce.s.*)
 .sdata         0x00000000a0000000        0x8 build/default/production/buzzer.o
                0x00000000a0000000                TIME_FREQ_UP
                0x00000000a0000004                TIME_FREQ_DOWN
 .sdata         0x00000000a0000008        0x4 build/default/production/ultrasound_sensor.o
                0x00000000a0000008                distance
                0x00000000a000000c                . = ALIGN (0x4)
                0x00000000a000000c                _sdata_end = .

.lit8
 *(.lit8)

.lit4
 *(.lit4)
                0x00000000a000000c                . = ALIGN (0x4)
                0x00000000a000000c                _data_end = .
                0x00000000a000000c                _bss_begin = .

.sbss           0x00000000a000000c       0x28
                0x00000000a000000c                _sbss_begin = .
 *(.dynsbss)
 *(.sbss .sbss.* .gnu.linkonce.sb.*)
 .sbss          0x00000000a000000c       0x10 build/default/production/UART.o
 .sbss          0x00000000a000001c       0x10 build/default/production/buzzer.o
                0x00000000a000001c                siren_period
                0x00000000a0000020                frequency
                0x00000000a0000024                STEP_UP
                0x00000000a0000028                STEP_DOWN
 .sbss          0x00000000a000002c        0x6 build/default/production/ultrasound_sensor.o
                0x00000000a000002c                ticks_echo
                0x00000000a0000030                has_sent_trig
                0x00000000a0000031                has_return_trig_zero
 .sbss          0x00000000a0000032        0x2 build/default/production/LucesParpadeo.o
                0x00000000a0000032                lucesMode
                0x00000000a0000033                luces_apagadas
 *(.scommon)
                0x00000000a0000034                _sbss_end = .
                0x00000000a0000034                . = ALIGN (0x4)

.bss            0x00000000a0000034        0x0
 *(.dynbss)
 *(COMMON)
                0x00000000a0000034                . = ALIGN ((. != 0x0)?0x4:0x1)
                0x00000000a0000034                . = ALIGN (0x4)
                0x00000000a0000034                _end = .
                0x00000000a0000034                _bss_end = .
                0x0000000000004000                _bmxdudba_address = LENGTH (kseg1_data_mem)
                0x0000000000004000                _bmxdupba_address = LENGTH (kseg1_data_mem)

/DISCARD/
 *(.pdr)
 *(.rel.dyn)
 *(.note.GNU-stack)
 *(.note.GNU-stack)
 *(.gnu_debuglink)
 *(.gnu.lto_*)
 *(.discard)

.gptab.sdata
 *(.gptab.data)
 *(.gptab.sdata)

.gptab.sbss
 *(.gptab.bss)
 *(.gptab.sbss)

.mdebug.abi32   0x0000000000000000        0x0
 *(.mdebug.abi32)
 .mdebug.abi32  0x0000000000000000        0x0 build/default/production/Pic32Ini.o
 .mdebug.abi32  0x0000000000000000        0x0 build/default/production/retardo.o
 .mdebug.abi32  0x0000000000000000        0x0 build/default/production/COCHE.o
 .mdebug.abi32  0x0000000000000000        0x0 build/default/production/PFinal.o
 .mdebug.abi32  0x0000000000000000        0x0 build/default/production/UART.o
 .mdebug.abi32  0x0000000000000000        0x0 build/default/production/buzzer.o
 .mdebug.abi32  0x0000000000000000        0x0 build/default/production/ultrasound_sensor.o
 .mdebug.abi32  0x0000000000000000        0x0 build/default/production/LucesParpadeo.o
 .mdebug.abi32  0x0000000000000000        0x0 s:/microprocesadores/compiler/bin/bin/../../lib/gcc/pic32mx/8.3.1/../../../../pic32mx/lib\libpic32.a(default-bootstrap-exception-handler.o)
 .mdebug.abi32  0x0000000000000000        0x0 s:/microprocesadores/compiler/bin/bin/../../lib/gcc/pic32mx/8.3.1/../../../../pic32mx/lib\libpic32.a(default-on-reset.o)
 .mdebug.abi32  0x0000000000000000        0x0 s:/microprocesadores/compiler/bin/bin/../../lib/gcc/pic32mx/8.3.1/../../../../pic32mx/lib\libpic32.a(default-on-bootstrap.o)
 .mdebug.abi32  0x0000000000000000        0x0 s:/microprocesadores/compiler/bin/bin/../../lib/gcc/pic32mx/8.3.1/../../../../pic32mx/lib\libpic32.a(default-general-exception-handler.o)
 .mdebug.abi32  0x0000000000000000        0x0 s:/microprocesadores/compiler/bin/bin/../../lib/gcc/pic32mx/8.3.1/../../../../pic32mx/lib\libpic32.a(defaultinterrupt.o)

.mdebug.abiN32
 *(.mdebug.abiN32)

.mdebug.abi64
 *(.mdebug.abi64)

.mdebug.abiO64
 *(.mdebug.abiO64)

.mdebug.eabi32
 *(.mdebug.eabi32)

.mdebug.eabi64
 *(.mdebug.eabi64)

.gcc_compiled_long32
 *(.gcc_compiled_long32)

.gcc_compiled_long64
 *(.gcc_compiled_long64)

.stab
 *(.stab)

.stabstr
 *(.stabstr)

.stab.excl
 *(.stab.excl)

.stab.exclstr
 *(.stab.exclstr)

.stab.index
 *(.stab.index)

.stab.indexstr
 *(.stab.indexstr)

.comment        0x0000000000000000       0x2b
 *(.comment)
 .comment       0x0000000000000000       0x2b build/default/production/Pic32Ini.o
                                         0x2c (size before relaxing)
 .comment       0x000000000000002b       0x2c build/default/production/retardo.o
 .comment       0x000000000000002b       0x2c build/default/production/COCHE.o
 .comment       0x000000000000002b       0x2c build/default/production/PFinal.o
 .comment       0x000000000000002b       0x2c build/default/production/UART.o
 .comment       0x000000000000002b       0x2c build/default/production/buzzer.o
 .comment       0x000000000000002b       0x2c build/default/production/ultrasound_sensor.o
 .comment       0x000000000000002b       0x2c build/default/production/LucesParpadeo.o
 .comment       0x000000000000002b       0x2c s:/microprocesadores/compiler/bin/bin/../../lib/gcc/pic32mx/8.3.1/../../../../pic32mx/lib\libpic32.a(default-bootstrap-exception-handler.o)
 .comment       0x000000000000002b       0x2c s:/microprocesadores/compiler/bin/bin/../../lib/gcc/pic32mx/8.3.1/../../../../pic32mx/lib\libpic32.a(default-on-reset.o)
 .comment       0x000000000000002b       0x2c s:/microprocesadores/compiler/bin/bin/../../lib/gcc/pic32mx/8.3.1/../../../../pic32mx/lib\libpic32.a(default-on-bootstrap.o)
 .comment       0x000000000000002b       0x2c s:/microprocesadores/compiler/bin/bin/../../lib/gcc/pic32mx/8.3.1/../../../../pic32mx/lib\libpic32.a(default-general-exception-handler.o)
 .comment       0x000000000000002b       0x2c s:/microprocesadores/compiler/bin/bin/../../lib/gcc/pic32mx/8.3.1/../../../../pic32mx/lib\libpic32.a(defaultinterrupt.o)

.debug
 *.elf(.debug)
 *(.debug)

.line
 *.elf(.line)
 *(.line)

.debug_srcinfo
 *.elf(.debug_srcinfo)
 *(.debug_srcinfo)

.debug_sfnames
 *.elf(.debug_sfnames)
 *(.debug_sfnames)

.debug_aranges  0x0000000000000000      0x1a0
 *.elf(.debug_aranges)
 *(.debug_aranges)
 .debug_aranges
                0x0000000000000000       0x20 build/default/production/Pic32Ini.o
 .debug_aranges
                0x0000000000000020       0x20 build/default/production/retardo.o
 .debug_aranges
                0x0000000000000040       0x20 build/default/production/COCHE.o
 .debug_aranges
                0x0000000000000060       0x20 build/default/production/PFinal.o
 .debug_aranges
                0x0000000000000080       0x20 build/default/production/UART.o
 .debug_aranges
                0x00000000000000a0       0x20 build/default/production/buzzer.o
 .debug_aranges
                0x00000000000000c0       0x20 build/default/production/ultrasound_sensor.o
 .debug_aranges
                0x00000000000000e0       0x20 build/default/production/LucesParpadeo.o
 .debug_aranges
                0x0000000000000100       0x20 s:/microprocesadores/compiler/bin/bin/../../lib/gcc/pic32mx/8.3.1/../../../../pic32mx/lib\libpic32.a(default-bootstrap-exception-handler.o)
 .debug_aranges
                0x0000000000000120       0x20 s:/microprocesadores/compiler/bin/bin/../../lib/gcc/pic32mx/8.3.1/../../../../pic32mx/lib\libpic32.a(default-on-reset.o)
 .debug_aranges
                0x0000000000000140       0x20 s:/microprocesadores/compiler/bin/bin/../../lib/gcc/pic32mx/8.3.1/../../../../pic32mx/lib\libpic32.a(default-on-bootstrap.o)
 .debug_aranges
                0x0000000000000160       0x20 s:/microprocesadores/compiler/bin/bin/../../lib/gcc/pic32mx/8.3.1/../../../../pic32mx/lib\libpic32.a(default-general-exception-handler.o)
 .debug_aranges
                0x0000000000000180       0x20 s:/microprocesadores/compiler/bin/bin/../../lib/gcc/pic32mx/8.3.1/../../../../pic32mx/lib\libpic32.a(defaultinterrupt.o)

.debug_pubnames
 *.elf(.debug_pubnames)
 *(.debug_pubnames)

.debug_info     0x0000000000000000     0x38d8
 *.elf(.debug_info .gnu.linkonce.wi.*)
 *(.debug_info .gnu.linkonce.wi.*)
 .debug_info    0x0000000000000000       0xb8 build/default/production/Pic32Ini.o
 .debug_info    0x00000000000000b8      0x455 build/default/production/retardo.o
 .debug_info    0x000000000000050d      0x1f9 build/default/production/COCHE.o
 .debug_info    0x0000000000000706       0xdb build/default/production/PFinal.o
 .debug_info    0x00000000000007e1      0xbf6 build/default/production/UART.o
 .debug_info    0x00000000000013d7      0xb60 build/default/production/buzzer.o
 .debug_info    0x0000000000001f37      0xf46 build/default/production/ultrasound_sensor.o
 .debug_info    0x0000000000002e7d      0x91b build/default/production/LucesParpadeo.o
 .debug_info    0x0000000000003798       0x41 s:/microprocesadores/compiler/bin/bin/../../lib/gcc/pic32mx/8.3.1/../../../../pic32mx/lib\libpic32.a(default-bootstrap-exception-handler.o)
 .debug_info    0x00000000000037d9       0x3f s:/microprocesadores/compiler/bin/bin/../../lib/gcc/pic32mx/8.3.1/../../../../pic32mx/lib\libpic32.a(default-on-reset.o)
 .debug_info    0x0000000000003818       0x3f s:/microprocesadores/compiler/bin/bin/../../lib/gcc/pic32mx/8.3.1/../../../../pic32mx/lib\libpic32.a(default-on-bootstrap.o)
 .debug_info    0x0000000000003857       0x41 s:/microprocesadores/compiler/bin/bin/../../lib/gcc/pic32mx/8.3.1/../../../../pic32mx/lib\libpic32.a(default-general-exception-handler.o)
 .debug_info    0x0000000000003898       0x40 s:/microprocesadores/compiler/bin/bin/../../lib/gcc/pic32mx/8.3.1/../../../../pic32mx/lib\libpic32.a(defaultinterrupt.o)

.debug_abbrev   0x0000000000000000      0x9b2
 *.elf(.debug_abbrev)
 *(.debug_abbrev)
 .debug_abbrev  0x0000000000000000       0x6d build/default/production/Pic32Ini.o
 .debug_abbrev  0x000000000000006d      0x14e build/default/production/retardo.o
 .debug_abbrev  0x00000000000001bb       0x9a build/default/production/COCHE.o
 .debug_abbrev  0x0000000000000255       0x91 build/default/production/PFinal.o
 .debug_abbrev  0x00000000000002e6      0x15e build/default/production/UART.o
 .debug_abbrev  0x0000000000000444      0x188 build/default/production/buzzer.o
 .debug_abbrev  0x00000000000005cc      0x16c build/default/production/ultrasound_sensor.o
 .debug_abbrev  0x0000000000000738      0x18b build/default/production/LucesParpadeo.o
 .debug_abbrev  0x00000000000008c3       0x31 s:/microprocesadores/compiler/bin/bin/../../lib/gcc/pic32mx/8.3.1/../../../../pic32mx/lib\libpic32.a(default-bootstrap-exception-handler.o)
 .debug_abbrev  0x00000000000008f4       0x2e s:/microprocesadores/compiler/bin/bin/../../lib/gcc/pic32mx/8.3.1/../../../../pic32mx/lib\libpic32.a(default-on-reset.o)
 .debug_abbrev  0x0000000000000922       0x2e s:/microprocesadores/compiler/bin/bin/../../lib/gcc/pic32mx/8.3.1/../../../../pic32mx/lib\libpic32.a(default-on-bootstrap.o)
 .debug_abbrev  0x0000000000000950       0x31 s:/microprocesadores/compiler/bin/bin/../../lib/gcc/pic32mx/8.3.1/../../../../pic32mx/lib\libpic32.a(default-general-exception-handler.o)
 .debug_abbrev  0x0000000000000981       0x31 s:/microprocesadores/compiler/bin/bin/../../lib/gcc/pic32mx/8.3.1/../../../../pic32mx/lib\libpic32.a(defaultinterrupt.o)

.debug_line     0x0000000000000000     0x11d4
 *.elf(.debug_line)
 *(.debug_line)
 .debug_line    0x0000000000000000      0x12e build/default/production/Pic32Ini.o
 .debug_line    0x000000000000012e      0x197 build/default/production/retardo.o
 .debug_line    0x00000000000002c5      0x19a build/default/production/COCHE.o
 .debug_line    0x000000000000045f      0x169 build/default/production/PFinal.o
 .debug_line    0x00000000000005c8      0x243 build/default/production/UART.o
 .debug_line    0x000000000000080b      0x1fe build/default/production/buzzer.o
 .debug_line    0x0000000000000a09      0x22b build/default/production/ultrasound_sensor.o
 .debug_line    0x0000000000000c34      0x1f5 build/default/production/LucesParpadeo.o
 .debug_line    0x0000000000000e29       0xca s:/microprocesadores/compiler/bin/bin/../../lib/gcc/pic32mx/8.3.1/../../../../pic32mx/lib\libpic32.a(default-bootstrap-exception-handler.o)
 .debug_line    0x0000000000000ef3       0xa6 s:/microprocesadores/compiler/bin/bin/../../lib/gcc/pic32mx/8.3.1/../../../../pic32mx/lib\libpic32.a(default-on-reset.o)
 .debug_line    0x0000000000000f99       0xaa s:/microprocesadores/compiler/bin/bin/../../lib/gcc/pic32mx/8.3.1/../../../../pic32mx/lib\libpic32.a(default-on-bootstrap.o)
 .debug_line    0x0000000000001043       0xc8 s:/microprocesadores/compiler/bin/bin/../../lib/gcc/pic32mx/8.3.1/../../../../pic32mx/lib\libpic32.a(default-general-exception-handler.o)
 .debug_line    0x000000000000110b       0xc9 s:/microprocesadores/compiler/bin/bin/../../lib/gcc/pic32mx/8.3.1/../../../../pic32mx/lib\libpic32.a(defaultinterrupt.o)

.debug_frame    0x0000000000000000      0x8ac
 *.elf(.debug_frame)
 *(.debug_frame)
 .debug_frame   0x0000000000000000       0x30 build/default/production/Pic32Ini.o
 .debug_frame   0x0000000000000030       0x54 build/default/production/retardo.o
 .debug_frame   0x0000000000000084      0x100 build/default/production/COCHE.o
 .debug_frame   0x0000000000000184       0x2c build/default/production/PFinal.o
 .debug_frame   0x00000000000001b0       0xb0 build/default/production/UART.o
 .debug_frame   0x0000000000000260      0x158 build/default/production/buzzer.o
 .debug_frame   0x00000000000003b8      0x244 build/default/production/ultrasound_sensor.o
 .debug_frame   0x00000000000005fc      0x1f8 build/default/production/LucesParpadeo.o
 .debug_frame   0x00000000000007f4       0x2c s:/microprocesadores/compiler/bin/bin/../../lib/gcc/pic32mx/8.3.1/../../../../pic32mx/lib\libpic32.a(default-bootstrap-exception-handler.o)
 .debug_frame   0x0000000000000820       0x20 s:/microprocesadores/compiler/bin/bin/../../lib/gcc/pic32mx/8.3.1/../../../../pic32mx/lib\libpic32.a(default-on-reset.o)
 .debug_frame   0x0000000000000840       0x20 s:/microprocesadores/compiler/bin/bin/../../lib/gcc/pic32mx/8.3.1/../../../../pic32mx/lib\libpic32.a(default-on-bootstrap.o)
 .debug_frame   0x0000000000000860       0x2c s:/microprocesadores/compiler/bin/bin/../../lib/gcc/pic32mx/8.3.1/../../../../pic32mx/lib\libpic32.a(default-general-exception-handler.o)
 .debug_frame   0x000000000000088c       0x20 s:/microprocesadores/compiler/bin/bin/../../lib/gcc/pic32mx/8.3.1/../../../../pic32mx/lib\libpic32.a(defaultinterrupt.o)

.debug_str      0x0000000000000000     0x379f
 *.elf(.debug_str)
 *(.debug_str)
 .debug_str     0x0000000000000000      0x29c build/default/production/Pic32Ini.o
 .debug_str     0x000000000000029c      0x3c0 build/default/production/retardo.o
 .debug_str     0x000000000000065c      0x322 build/default/production/COCHE.o
 .debug_str     0x000000000000097e      0x2a5 build/default/production/PFinal.o
 .debug_str     0x0000000000000c23      0x68f build/default/production/UART.o
 .debug_str     0x00000000000012b2      0x624 build/default/production/buzzer.o
 .debug_str     0x00000000000018d6      0x80a build/default/production/ultrasound_sensor.o
 .debug_str     0x00000000000020e0      0x5d4 build/default/production/LucesParpadeo.o
 .debug_str     0x00000000000026b4      0x373 s:/microprocesadores/compiler/bin/bin/../../lib/gcc/pic32mx/8.3.1/../../../../pic32mx/lib\libpic32.a(default-bootstrap-exception-handler.o)
 .debug_str     0x0000000000002a27      0x34d s:/microprocesadores/compiler/bin/bin/../../lib/gcc/pic32mx/8.3.1/../../../../pic32mx/lib\libpic32.a(default-on-reset.o)
 .debug_str     0x0000000000002d74      0x355 s:/microprocesadores/compiler/bin/bin/../../lib/gcc/pic32mx/8.3.1/../../../../pic32mx/lib\libpic32.a(default-on-bootstrap.o)
 .debug_str     0x00000000000030c9      0x36f s:/microprocesadores/compiler/bin/bin/../../lib/gcc/pic32mx/8.3.1/../../../../pic32mx/lib\libpic32.a(default-general-exception-handler.o)
 .debug_str     0x0000000000003438      0x367 s:/microprocesadores/compiler/bin/bin/../../lib/gcc/pic32mx/8.3.1/../../../../pic32mx/lib\libpic32.a(defaultinterrupt.o)

.debug_loc      0x0000000000000000       0x58
 *.elf(.debug_loc)
 *(.debug_loc)
 .debug_loc     0x0000000000000000       0x2c s:/microprocesadores/compiler/bin/bin/../../lib/gcc/pic32mx/8.3.1/../../../../pic32mx/lib\libpic32.a(default-bootstrap-exception-handler.o)
 .debug_loc     0x000000000000002c       0x2c s:/microprocesadores/compiler/bin/bin/../../lib/gcc/pic32mx/8.3.1/../../../../pic32mx/lib\libpic32.a(default-general-exception-handler.o)

.debug_macinfo
 *.elf(.debug_macinfo)
 *(.debug_macinfo)

.debug_weaknames
 *.elf(.debug_weaknames)
 *(.debug_weaknames)

.debug_funcnames
 *.elf(.debug_funcnames)
 *(.debug_funcnames)

.debug_typenames
 *.elf(.debug_typenames)
 *(.debug_typenames)

.debug_varnames
 *.elf(.debug_varnames)
 *(.debug_varnames)

.debug_pubtypes
 *.elf(.debug_pubtypes)
 *(.debug_pubtypes)

.debug_ranges   0x0000000000000000       0x50
 *.elf(.debug_ranges)
 *(.debug_ranges)
 .debug_ranges  0x0000000000000000       0x10 s:/microprocesadores/compiler/bin/bin/../../lib/gcc/pic32mx/8.3.1/../../../../pic32mx/lib\libpic32.a(default-bootstrap-exception-handler.o)
 .debug_ranges  0x0000000000000010       0x10 s:/microprocesadores/compiler/bin/bin/../../lib/gcc/pic32mx/8.3.1/../../../../pic32mx/lib\libpic32.a(default-on-reset.o)
 .debug_ranges  0x0000000000000020       0x10 s:/microprocesadores/compiler/bin/bin/../../lib/gcc/pic32mx/8.3.1/../../../../pic32mx/lib\libpic32.a(default-on-bootstrap.o)
 .debug_ranges  0x0000000000000030       0x10 s:/microprocesadores/compiler/bin/bin/../../lib/gcc/pic32mx/8.3.1/../../../../pic32mx/lib\libpic32.a(default-general-exception-handler.o)
 .debug_ranges  0x0000000000000040       0x10 s:/microprocesadores/compiler/bin/bin/../../lib/gcc/pic32mx/8.3.1/../../../../pic32mx/lib\libpic32.a(defaultinterrupt.o)

.gnu.attributes
                0x0000000000000000       0x10
 *(.gnu.attributes)
 .gnu.attributes
                0x0000000000000000       0x10 s:/microprocesadores/compiler/bin/bin/../../lib/gcc/pic32mx/8.3.1/../../../../pic32mx/lib\debug-exception-return.o
 .gnu.attributes
                0x0000000000000010       0x10 build/default/production/Pic32Ini.o
 .gnu.attributes
                0x0000000000000020       0x10 build/default/production/retardo.o
 .gnu.attributes
                0x0000000000000030       0x10 build/default/production/COCHE.o
 .gnu.attributes
                0x0000000000000040       0x10 build/default/production/PFinal.o
 .gnu.attributes
                0x0000000000000050       0x10 build/default/production/UART.o
 .gnu.attributes
                0x0000000000000060       0x10 build/default/production/buzzer.o
 .gnu.attributes
                0x0000000000000070       0x10 build/default/production/ultrasound_sensor.o
 .gnu.attributes
                0x0000000000000080       0x10 build/default/production/LucesParpadeo.o
 .gnu.attributes
                0x0000000000000090       0x10 C:\Users\Usuario\AppData\Local\Temp\cczvIf4o.o
 .gnu.attributes
                0x00000000000000a0       0x10 C:\Users\Usuario\AppData\Local\Temp\ccRMD1fF.o
 .gnu.attributes
                0x00000000000000b0       0x10 C:\Users\Usuario\AppData\Local\Temp\ccpgX2F1.o
 .gnu.attributes
                0x00000000000000c0       0x10 s:/microprocesadores/compiler/bin/bin/../../lib/gcc/pic32mx/8.3.1/../../../../pic32mx/lib\pic32_software_reset.o
 .gnu.attributes
                0x00000000000000d0       0x10 s:/microprocesadores/compiler/bin/bin/../../lib/gcc/pic32mx/8.3.1/../../../../pic32mx/lib\libpic32.a(default-bootstrap-exception-handler.o)
 .gnu.attributes
                0x00000000000000e0       0x10 s:/microprocesadores/compiler/bin/bin/../../lib/gcc/pic32mx/8.3.1/../../../../pic32mx/lib\libpic32.a(default-on-reset.o)
 .gnu.attributes
                0x00000000000000f0       0x10 s:/microprocesadores/compiler/bin/bin/../../lib/gcc/pic32mx/8.3.1/../../../../pic32mx/lib\libpic32.a(default-on-bootstrap.o)
 .gnu.attributes
                0x0000000000000100       0x10 s:/microprocesadores/compiler/bin/bin/../../lib/gcc/pic32mx/8.3.1/../../../../pic32mx/lib\libpic32.a(default-nmi-handler.o)
 .gnu.attributes
                0x0000000000000110       0x10 s:/microprocesadores/compiler/bin/bin/../../lib/gcc/pic32mx/8.3.1/../../../../pic32mx/lib\libpic32.a(pic32_data_init_wrapper.o)
 .gnu.attributes
                0x0000000000000120       0x10 s:/microprocesadores/compiler/bin/bin/../../lib/gcc/pic32mx/8.3.1/../../../../pic32mx/lib\libpic32.a(pic32_data_init_0_1.o)
 .gnu.attributes
                0x0000000000000130       0x10 s:/microprocesadores/compiler/bin/bin/../../lib/gcc/pic32mx/8.3.1/../../../../pic32mx/lib\libpic32.a(general-exception.o)
 .gnu.attributes
                0x0000000000000140       0x10 s:/microprocesadores/compiler/bin/bin/../../lib/gcc/pic32mx/8.3.1/../../../../pic32mx/lib\libpic32.a(vector0.o)
 .gnu.attributes
                0x0000000000000150       0x10 s:/microprocesadores/compiler/bin/bin/../../lib/gcc/pic32mx/8.3.1/../../../../pic32mx/lib\libpic32.a(vector1.o)
 .gnu.attributes
                0x0000000000000160       0x10 s:/microprocesadores/compiler/bin/bin/../../lib/gcc/pic32mx/8.3.1/../../../../pic32mx/lib\libpic32.a(vector2.o)
 .gnu.attributes
                0x0000000000000170       0x10 s:/microprocesadores/compiler/bin/bin/../../lib/gcc/pic32mx/8.3.1/../../../../pic32mx/lib\libpic32.a(vector3.o)
 .gnu.attributes
                0x0000000000000180       0x10 s:/microprocesadores/compiler/bin/bin/../../lib/gcc/pic32mx/8.3.1/../../../../pic32mx/lib\libpic32.a(vector5.o)
 .gnu.attributes
                0x0000000000000190       0x10 s:/microprocesadores/compiler/bin/bin/../../lib/gcc/pic32mx/8.3.1/../../../../pic32mx/lib\libpic32.a(vector6.o)
 .gnu.attributes
                0x00000000000001a0       0x10 s:/microprocesadores/compiler/bin/bin/../../lib/gcc/pic32mx/8.3.1/../../../../pic32mx/lib\libpic32.a(vector7.o)
 .gnu.attributes
                0x00000000000001b0       0x10 s:/microprocesadores/compiler/bin/bin/../../lib/gcc/pic32mx/8.3.1/../../../../pic32mx/lib\libpic32.a(vector8.o)
 .gnu.attributes
                0x00000000000001c0       0x10 s:/microprocesadores/compiler/bin/bin/../../lib/gcc/pic32mx/8.3.1/../../../../pic32mx/lib\libpic32.a(vector9.o)
 .gnu.attributes
                0x00000000000001d0       0x10 s:/microprocesadores/compiler/bin/bin/../../lib/gcc/pic32mx/8.3.1/../../../../pic32mx/lib\libpic32.a(vector10.o)
 .gnu.attributes
                0x00000000000001e0       0x10 s:/microprocesadores/compiler/bin/bin/../../lib/gcc/pic32mx/8.3.1/../../../../pic32mx/lib\libpic32.a(vector11.o)
 .gnu.attributes
                0x00000000000001f0       0x10 s:/microprocesadores/compiler/bin/bin/../../lib/gcc/pic32mx/8.3.1/../../../../pic32mx/lib\libpic32.a(vector13.o)
 .gnu.attributes
                0x0000000000000200       0x10 s:/microprocesadores/compiler/bin/bin/../../lib/gcc/pic32mx/8.3.1/../../../../pic32mx/lib\libpic32.a(vector14.o)
 .gnu.attributes
                0x0000000000000210       0x10 s:/microprocesadores/compiler/bin/bin/../../lib/gcc/pic32mx/8.3.1/../../../../pic32mx/lib\libpic32.a(vector15.o)
 .gnu.attributes
                0x0000000000000220       0x10 s:/microprocesadores/compiler/bin/bin/../../lib/gcc/pic32mx/8.3.1/../../../../pic32mx/lib\libpic32.a(vector17.o)
 .gnu.attributes
                0x0000000000000230       0x10 s:/microprocesadores/compiler/bin/bin/../../lib/gcc/pic32mx/8.3.1/../../../../pic32mx/lib\libpic32.a(vector18.o)
 .gnu.attributes
                0x0000000000000240       0x10 s:/microprocesadores/compiler/bin/bin/../../lib/gcc/pic32mx/8.3.1/../../../../pic32mx/lib\libpic32.a(vector19.o)
 .gnu.attributes
                0x0000000000000250       0x10 s:/microprocesadores/compiler/bin/bin/../../lib/gcc/pic32mx/8.3.1/../../../../pic32mx/lib\libpic32.a(vector21.o)
 .gnu.attributes
                0x0000000000000260       0x10 s:/microprocesadores/compiler/bin/bin/../../lib/gcc/pic32mx/8.3.1/../../../../pic32mx/lib\libpic32.a(vector22.o)
 .gnu.attributes
                0x0000000000000270       0x10 s:/microprocesadores/compiler/bin/bin/../../lib/gcc/pic32mx/8.3.1/../../../../pic32mx/lib\libpic32.a(vector23.o)
 .gnu.attributes
                0x0000000000000280       0x10 s:/microprocesadores/compiler/bin/bin/../../lib/gcc/pic32mx/8.3.1/../../../../pic32mx/lib\libpic32.a(vector24.o)
 .gnu.attributes
                0x0000000000000290       0x10 s:/microprocesadores/compiler/bin/bin/../../lib/gcc/pic32mx/8.3.1/../../../../pic32mx/lib\libpic32.a(vector25.o)
 .gnu.attributes
                0x00000000000002a0       0x10 s:/microprocesadores/compiler/bin/bin/../../lib/gcc/pic32mx/8.3.1/../../../../pic32mx/lib\libpic32.a(vector26.o)
 .gnu.attributes
                0x00000000000002b0       0x10 s:/microprocesadores/compiler/bin/bin/../../lib/gcc/pic32mx/8.3.1/../../../../pic32mx/lib\libpic32.a(vector27.o)
 .gnu.attributes
                0x00000000000002c0       0x10 s:/microprocesadores/compiler/bin/bin/../../lib/gcc/pic32mx/8.3.1/../../../../pic32mx/lib\libpic32.a(vector28.o)
 .gnu.attributes
                0x00000000000002d0       0x10 s:/microprocesadores/compiler/bin/bin/../../lib/gcc/pic32mx/8.3.1/../../../../pic32mx/lib\libpic32.a(vector29.o)
 .gnu.attributes
                0x00000000000002e0       0x10 s:/microprocesadores/compiler/bin/bin/../../lib/gcc/pic32mx/8.3.1/../../../../pic32mx/lib\libpic32.a(vector30.o)
 .gnu.attributes
                0x00000000000002f0       0x10 s:/microprocesadores/compiler/bin/bin/../../lib/gcc/pic32mx/8.3.1/../../../../pic32mx/lib\libpic32.a(vector31.o)
 .gnu.attributes
                0x0000000000000300       0x10 s:/microprocesadores/compiler/bin/bin/../../lib/gcc/pic32mx/8.3.1/../../../../pic32mx/lib\libpic32.a(vector33.o)
 .gnu.attributes
                0x0000000000000310       0x10 s:/microprocesadores/compiler/bin/bin/../../lib/gcc/pic32mx/8.3.1/../../../../pic32mx/lib\libpic32.a(vector35.o)
 .gnu.attributes
                0x0000000000000320       0x10 s:/microprocesadores/compiler/bin/bin/../../lib/gcc/pic32mx/8.3.1/../../../../pic32mx/lib\libpic32.a(vector36.o)
 .gnu.attributes
                0x0000000000000330       0x10 s:/microprocesadores/compiler/bin/bin/../../lib/gcc/pic32mx/8.3.1/../../../../pic32mx/lib\libpic32.a(vector37.o)
 .gnu.attributes
                0x0000000000000340       0x10 s:/microprocesadores/compiler/bin/bin/../../lib/gcc/pic32mx/8.3.1/../../../../pic32mx/lib\libpic32.a(vector38.o)
 .gnu.attributes
                0x0000000000000350       0x10 s:/microprocesadores/compiler/bin/bin/../../lib/gcc/pic32mx/8.3.1/../../../../pic32mx/lib\libpic32.a(vector39.o)
 .gnu.attributes
                0x0000000000000360       0x10 s:/microprocesadores/compiler/bin/bin/../../lib/gcc/pic32mx/8.3.1/../../../../pic32mx/lib\libpic32.a(vector40.o)
 .gnu.attributes
                0x0000000000000370       0x10 s:/microprocesadores/compiler/bin/bin/../../lib/gcc/pic32mx/8.3.1/../../../../pic32mx/lib\libpic32.a(vector41.o)
 .gnu.attributes
                0x0000000000000380       0x10 s:/microprocesadores/compiler/bin/bin/../../lib/gcc/pic32mx/8.3.1/../../../../pic32mx/lib\libpic32.a(vector42.o)
 .gnu.attributes
                0x0000000000000390       0x10 s:/microprocesadores/compiler/bin/bin/../../lib/gcc/pic32mx/8.3.1/../../../../pic32mx/lib\libpic32.a(vector43.o)
 .gnu.attributes
                0x00000000000003a0       0x10 s:/microprocesadores/compiler/bin/bin/../../lib/gcc/pic32mx/8.3.1/../../../../pic32mx/lib\libpic32.a(default-general-exception-handler.o)
 .gnu.attributes
                0x00000000000003b0       0x10 s:/microprocesadores/compiler/bin/bin/../../lib/gcc/pic32mx/8.3.1/../../../../pic32mx/lib\libpic32.a(defaultinterrupt.o)
 .gnu.attributes
                0x00000000000003c0       0x10 s:/microprocesadores/compiler/bin/bin/../../lib/gcc/pic32mx/8.3.1/../../../../pic32mx/lib\libm.a(dp32mul.o)
 .gnu.attributes
                0x00000000000003d0       0x10 s:/microprocesadores/compiler/bin/bin/../../lib/gcc/pic32mx/8.3.1/../../../../pic32mx/lib\libm.a(dptofp.o)
 .gnu.attributes
                0x00000000000003e0       0x10 s:/microprocesadores/compiler/bin/bin/../../lib/gcc/pic32mx/8.3.1/../../../../pic32mx/lib\libm.a(fpcmplt.o)
 .gnu.attributes
                0x00000000000003f0       0x10 s:/microprocesadores/compiler/bin/bin/../../lib/gcc/pic32mx/8.3.1/../../../../pic32mx/lib\libm.a(litodp.o)
OUTPUT(dist/default/production/CochePolicia.X.production.elf elf32-tradlittlemips)
LOAD stack
LOAD data_init

.reginfo        0x0000000000000000       0x18
 .reginfo       0x0000000000000000       0x18 s:/microprocesadores/compiler/bin/bin/../../lib/gcc/pic32mx/8.3.1/../../../../pic32mx/lib\debug-exception-return.o

.stack          0x00000000a00000c8      0x400
 .stack         0x00000000a00000c8      0x400 stack

.data%z1        0x0000000000000000        0x0
 .data          0x0000000000000000        0x0 s:/microprocesadores/compiler/bin/bin/../../lib/gcc/pic32mx/8.3.1/../../../../pic32mx/lib\libm.a(litodp.o)

.data%z2        0x0000000000000000        0x0
 .data          0x0000000000000000        0x0 s:/microprocesadores/compiler/bin/bin/../../lib/gcc/pic32mx/8.3.1/../../../../pic32mx/lib\libm.a(fpcmplt.o)

.data%z3        0x0000000000000000        0x0
 .data          0x0000000000000000        0x0 s:/microprocesadores/compiler/bin/bin/../../lib/gcc/pic32mx/8.3.1/../../../../pic32mx/lib\libm.a(dptofp.o)

.data%z4        0x0000000000000000        0x0
 .data          0x0000000000000000        0x0 s:/microprocesadores/compiler/bin/bin/../../lib/gcc/pic32mx/8.3.1/../../../../pic32mx/lib\libm.a(dp32mul.o)

.data%z5        0x0000000000000000        0x0
 .data          0x0000000000000000        0x0 s:/microprocesadores/compiler/bin/bin/../../lib/gcc/pic32mx/8.3.1/../../../../pic32mx/lib\libpic32.a(defaultinterrupt.o)

.data%z6        0x0000000000000000        0x0
 .data          0x0000000000000000        0x0 s:/microprocesadores/compiler/bin/bin/../../lib/gcc/pic32mx/8.3.1/../../../../pic32mx/lib\libpic32.a(default-general-exception-handler.o)

.data%z7        0x0000000000000000        0x0
 .data          0x0000000000000000        0x0 s:/microprocesadores/compiler/bin/bin/../../lib/gcc/pic32mx/8.3.1/../../../../pic32mx/lib\libpic32.a(vector43.o)

.data%z8        0x0000000000000000        0x0
 .data          0x0000000000000000        0x0 s:/microprocesadores/compiler/bin/bin/../../lib/gcc/pic32mx/8.3.1/../../../../pic32mx/lib\libpic32.a(vector42.o)

.data%z9        0x0000000000000000        0x0
 .data          0x0000000000000000        0x0 s:/microprocesadores/compiler/bin/bin/../../lib/gcc/pic32mx/8.3.1/../../../../pic32mx/lib\libpic32.a(vector41.o)

.data%z10       0x0000000000000000        0x0
 .data          0x0000000000000000        0x0 s:/microprocesadores/compiler/bin/bin/../../lib/gcc/pic32mx/8.3.1/../../../../pic32mx/lib\libpic32.a(vector40.o)

.data%z11       0x0000000000000000        0x0
 .data          0x0000000000000000        0x0 s:/microprocesadores/compiler/bin/bin/../../lib/gcc/pic32mx/8.3.1/../../../../pic32mx/lib\libpic32.a(vector39.o)

.data%z12       0x0000000000000000        0x0
 .data          0x0000000000000000        0x0 s:/microprocesadores/compiler/bin/bin/../../lib/gcc/pic32mx/8.3.1/../../../../pic32mx/lib\libpic32.a(vector38.o)

.data%z13       0x0000000000000000        0x0
 .data          0x0000000000000000        0x0 s:/microprocesadores/compiler/bin/bin/../../lib/gcc/pic32mx/8.3.1/../../../../pic32mx/lib\libpic32.a(vector37.o)

.data%z14       0x0000000000000000        0x0
 .data          0x0000000000000000        0x0 s:/microprocesadores/compiler/bin/bin/../../lib/gcc/pic32mx/8.3.1/../../../../pic32mx/lib\libpic32.a(vector36.o)

.data%z15       0x0000000000000000        0x0
 .data          0x0000000000000000        0x0 s:/microprocesadores/compiler/bin/bin/../../lib/gcc/pic32mx/8.3.1/../../../../pic32mx/lib\libpic32.a(vector35.o)

.data%z16       0x0000000000000000        0x0
 .data          0x0000000000000000        0x0 s:/microprocesadores/compiler/bin/bin/../../lib/gcc/pic32mx/8.3.1/../../../../pic32mx/lib\libpic32.a(vector33.o)

.data%z17       0x0000000000000000        0x0
 .data          0x0000000000000000        0x0 s:/microprocesadores/compiler/bin/bin/../../lib/gcc/pic32mx/8.3.1/../../../../pic32mx/lib\libpic32.a(vector31.o)

.data%z18       0x0000000000000000        0x0
 .data          0x0000000000000000        0x0 s:/microprocesadores/compiler/bin/bin/../../lib/gcc/pic32mx/8.3.1/../../../../pic32mx/lib\libpic32.a(vector30.o)

.data%z19       0x0000000000000000        0x0
 .data          0x0000000000000000        0x0 s:/microprocesadores/compiler/bin/bin/../../lib/gcc/pic32mx/8.3.1/../../../../pic32mx/lib\libpic32.a(vector29.o)

.data%z20       0x0000000000000000        0x0
 .data          0x0000000000000000        0x0 s:/microprocesadores/compiler/bin/bin/../../lib/gcc/pic32mx/8.3.1/../../../../pic32mx/lib\libpic32.a(vector28.o)

.data%z21       0x0000000000000000        0x0
 .data          0x0000000000000000        0x0 s:/microprocesadores/compiler/bin/bin/../../lib/gcc/pic32mx/8.3.1/../../../../pic32mx/lib\libpic32.a(vector27.o)

.data%z22       0x0000000000000000        0x0
 .data          0x0000000000000000        0x0 s:/microprocesadores/compiler/bin/bin/../../lib/gcc/pic32mx/8.3.1/../../../../pic32mx/lib\libpic32.a(vector26.o)

.data%z23       0x0000000000000000        0x0
 .data          0x0000000000000000        0x0 s:/microprocesadores/compiler/bin/bin/../../lib/gcc/pic32mx/8.3.1/../../../../pic32mx/lib\libpic32.a(vector25.o)

.data%z24       0x0000000000000000        0x0
 .data          0x0000000000000000        0x0 s:/microprocesadores/compiler/bin/bin/../../lib/gcc/pic32mx/8.3.1/../../../../pic32mx/lib\libpic32.a(vector24.o)

.data%z25       0x0000000000000000        0x0
 .data          0x0000000000000000        0x0 s:/microprocesadores/compiler/bin/bin/../../lib/gcc/pic32mx/8.3.1/../../../../pic32mx/lib\libpic32.a(vector23.o)

.data%z26       0x0000000000000000        0x0
 .data          0x0000000000000000        0x0 s:/microprocesadores/compiler/bin/bin/../../lib/gcc/pic32mx/8.3.1/../../../../pic32mx/lib\libpic32.a(vector22.o)

.data%z27       0x0000000000000000        0x0
 .data          0x0000000000000000        0x0 s:/microprocesadores/compiler/bin/bin/../../lib/gcc/pic32mx/8.3.1/../../../../pic32mx/lib\libpic32.a(vector21.o)

.data%z28       0x0000000000000000        0x0
 .data          0x0000000000000000        0x0 s:/microprocesadores/compiler/bin/bin/../../lib/gcc/pic32mx/8.3.1/../../../../pic32mx/lib\libpic32.a(vector19.o)

.data%z29       0x0000000000000000        0x0
 .data          0x0000000000000000        0x0 s:/microprocesadores/compiler/bin/bin/../../lib/gcc/pic32mx/8.3.1/../../../../pic32mx/lib\libpic32.a(vector18.o)

.data%z30       0x0000000000000000        0x0
 .data          0x0000000000000000        0x0 s:/microprocesadores/compiler/bin/bin/../../lib/gcc/pic32mx/8.3.1/../../../../pic32mx/lib\libpic32.a(vector17.o)

.data%z31       0x0000000000000000        0x0
 .data          0x0000000000000000        0x0 s:/microprocesadores/compiler/bin/bin/../../lib/gcc/pic32mx/8.3.1/../../../../pic32mx/lib\libpic32.a(vector15.o)

.data%z32       0x0000000000000000        0x0
 .data          0x0000000000000000        0x0 s:/microprocesadores/compiler/bin/bin/../../lib/gcc/pic32mx/8.3.1/../../../../pic32mx/lib\libpic32.a(vector14.o)

.data%z33       0x0000000000000000        0x0
 .data          0x0000000000000000        0x0 s:/microprocesadores/compiler/bin/bin/../../lib/gcc/pic32mx/8.3.1/../../../../pic32mx/lib\libpic32.a(vector13.o)

.data%z34       0x0000000000000000        0x0
 .data          0x0000000000000000        0x0 s:/microprocesadores/compiler/bin/bin/../../lib/gcc/pic32mx/8.3.1/../../../../pic32mx/lib\libpic32.a(vector11.o)

.data%z35       0x0000000000000000        0x0
 .data          0x0000000000000000        0x0 s:/microprocesadores/compiler/bin/bin/../../lib/gcc/pic32mx/8.3.1/../../../../pic32mx/lib\libpic32.a(vector10.o)

.data%z36       0x0000000000000000        0x0
 .data          0x0000000000000000        0x0 s:/microprocesadores/compiler/bin/bin/../../lib/gcc/pic32mx/8.3.1/../../../../pic32mx/lib\libpic32.a(vector9.o)

.data%z37       0x0000000000000000        0x0
 .data          0x0000000000000000        0x0 s:/microprocesadores/compiler/bin/bin/../../lib/gcc/pic32mx/8.3.1/../../../../pic32mx/lib\libpic32.a(vector8.o)

.data%z38       0x0000000000000000        0x0
 .data          0x0000000000000000        0x0 s:/microprocesadores/compiler/bin/bin/../../lib/gcc/pic32mx/8.3.1/../../../../pic32mx/lib\libpic32.a(vector7.o)

.data%z39       0x0000000000000000        0x0
 .data          0x0000000000000000        0x0 s:/microprocesadores/compiler/bin/bin/../../lib/gcc/pic32mx/8.3.1/../../../../pic32mx/lib\libpic32.a(vector6.o)

.data%z40       0x0000000000000000        0x0
 .data          0x0000000000000000        0x0 s:/microprocesadores/compiler/bin/bin/../../lib/gcc/pic32mx/8.3.1/../../../../pic32mx/lib\libpic32.a(vector5.o)

.data%z41       0x0000000000000000        0x0
 .data          0x0000000000000000        0x0 s:/microprocesadores/compiler/bin/bin/../../lib/gcc/pic32mx/8.3.1/../../../../pic32mx/lib\libpic32.a(vector3.o)

.data%z42       0x0000000000000000        0x0
 .data          0x0000000000000000        0x0 s:/microprocesadores/compiler/bin/bin/../../lib/gcc/pic32mx/8.3.1/../../../../pic32mx/lib\libpic32.a(vector2.o)

.data%z43       0x0000000000000000        0x0
 .data          0x0000000000000000        0x0 s:/microprocesadores/compiler/bin/bin/../../lib/gcc/pic32mx/8.3.1/../../../../pic32mx/lib\libpic32.a(vector1.o)

.data%z44       0x0000000000000000        0x0
 .data          0x0000000000000000        0x0 s:/microprocesadores/compiler/bin/bin/../../lib/gcc/pic32mx/8.3.1/../../../../pic32mx/lib\libpic32.a(vector0.o)

.data%z45       0x0000000000000000        0x0
 .data          0x0000000000000000        0x0 s:/microprocesadores/compiler/bin/bin/../../lib/gcc/pic32mx/8.3.1/../../../../pic32mx/lib\libpic32.a(general-exception.o)

.data%z46       0x0000000000000000        0x0
 .data          0x0000000000000000        0x0 s:/microprocesadores/compiler/bin/bin/../../lib/gcc/pic32mx/8.3.1/../../../../pic32mx/lib\libpic32.a(pic32_data_init_0_1.o)

.data%z47       0x0000000000000000        0x0
 .data          0x0000000000000000        0x0 s:/microprocesadores/compiler/bin/bin/../../lib/gcc/pic32mx/8.3.1/../../../../pic32mx/lib\libpic32.a(pic32_data_init_wrapper.o)

.data%z48       0x0000000000000000        0x0
 .data          0x0000000000000000        0x0 s:/microprocesadores/compiler/bin/bin/../../lib/gcc/pic32mx/8.3.1/../../../../pic32mx/lib\libpic32.a(default-nmi-handler.o)

.data%z49       0x0000000000000000        0x0
 .data          0x0000000000000000        0x0 s:/microprocesadores/compiler/bin/bin/../../lib/gcc/pic32mx/8.3.1/../../../../pic32mx/lib\libpic32.a(default-on-bootstrap.o)

.data%z50       0x0000000000000000        0x0
 .data          0x0000000000000000        0x0 s:/microprocesadores/compiler/bin/bin/../../lib/gcc/pic32mx/8.3.1/../../../../pic32mx/lib\libpic32.a(default-on-reset.o)

.data%z51       0x0000000000000000        0x0
 .data          0x0000000000000000        0x0 s:/microprocesadores/compiler/bin/bin/../../lib/gcc/pic32mx/8.3.1/../../../../pic32mx/lib\libpic32.a(default-bootstrap-exception-handler.o)

.data%z52       0x0000000000000000        0x0
 .data          0x0000000000000000        0x0 s:/microprocesadores/compiler/bin/bin/../../lib/gcc/pic32mx/8.3.1/../../../../pic32mx/lib\pic32_software_reset.o

.data%z53       0x0000000000000000        0x0
 .data          0x0000000000000000        0x0 C:\Users\Usuario\AppData\Local\Temp\ccpgX2F1.o

.data%z54       0x0000000000000000        0x0
 .data          0x0000000000000000        0x0 C:\Users\Usuario\AppData\Local\Temp\ccRMD1fF.o

.data%z55       0x0000000000000000        0x0
 .data          0x0000000000000000        0x0 C:\Users\Usuario\AppData\Local\Temp\cczvIf4o.o

.data%z56       0x0000000000000000        0x0
 .data          0x0000000000000000        0x0 build/default/production/LucesParpadeo.o

.data%z57       0x0000000000000000        0x0
 .data          0x0000000000000000        0x0 build/default/production/ultrasound_sensor.o

.data%z58       0x0000000000000000        0x0
 .data          0x0000000000000000        0x0 build/default/production/buzzer.o

.data%z59       0x0000000000000000        0x0
 .data          0x0000000000000000        0x0 build/default/production/UART.o

.data%z60       0x0000000000000000        0x0
 .data          0x0000000000000000        0x0 build/default/production/PFinal.o

.data%z61       0x0000000000000000        0x0
 .data          0x0000000000000000        0x0 build/default/production/COCHE.o

.data%z62       0x0000000000000000        0x0
 .data          0x0000000000000000        0x0 build/default/production/retardo.o

.data%z63       0x0000000000000000        0x0
 .data          0x0000000000000000        0x0 build/default/production/Pic32Ini.o

.data%z64       0x0000000000000000        0x0
 .data          0x0000000000000000        0x0 s:/microprocesadores/compiler/bin/bin/../../lib/gcc/pic32mx/8.3.1/../../../../pic32mx/lib\debug-exception-return.o

.bss            0x00000000a0000034       0x66
 .bss           0x00000000a0000034       0x66 build/default/production/UART.o

.bss%z65        0x0000000000000000        0x0
 .bss           0x0000000000000000        0x0 s:/microprocesadores/compiler/bin/bin/../../lib/gcc/pic32mx/8.3.1/../../../../pic32mx/lib\libm.a(litodp.o)

.bss%z66        0x0000000000000000        0x0
 .bss           0x0000000000000000        0x0 s:/microprocesadores/compiler/bin/bin/../../lib/gcc/pic32mx/8.3.1/../../../../pic32mx/lib\libm.a(fpcmplt.o)

.bss%z67        0x0000000000000000        0x0
 .bss           0x0000000000000000        0x0 s:/microprocesadores/compiler/bin/bin/../../lib/gcc/pic32mx/8.3.1/../../../../pic32mx/lib\libm.a(dptofp.o)

.bss%z68        0x0000000000000000        0x0
 .bss           0x0000000000000000        0x0 s:/microprocesadores/compiler/bin/bin/../../lib/gcc/pic32mx/8.3.1/../../../../pic32mx/lib\libm.a(dp32mul.o)

.bss%z69        0x0000000000000000        0x0
 .bss           0x0000000000000000        0x0 s:/microprocesadores/compiler/bin/bin/../../lib/gcc/pic32mx/8.3.1/../../../../pic32mx/lib\libpic32.a(defaultinterrupt.o)

.bss%z70        0x0000000000000000        0x0
 .bss           0x0000000000000000        0x0 s:/microprocesadores/compiler/bin/bin/../../lib/gcc/pic32mx/8.3.1/../../../../pic32mx/lib\libpic32.a(default-general-exception-handler.o)

.bss%z71        0x0000000000000000        0x0
 .bss           0x0000000000000000        0x0 s:/microprocesadores/compiler/bin/bin/../../lib/gcc/pic32mx/8.3.1/../../../../pic32mx/lib\libpic32.a(vector43.o)

.bss%z72        0x0000000000000000        0x0
 .bss           0x0000000000000000        0x0 s:/microprocesadores/compiler/bin/bin/../../lib/gcc/pic32mx/8.3.1/../../../../pic32mx/lib\libpic32.a(vector42.o)

.bss%z73        0x0000000000000000        0x0
 .bss           0x0000000000000000        0x0 s:/microprocesadores/compiler/bin/bin/../../lib/gcc/pic32mx/8.3.1/../../../../pic32mx/lib\libpic32.a(vector41.o)

.bss%z74        0x0000000000000000        0x0
 .bss           0x0000000000000000        0x0 s:/microprocesadores/compiler/bin/bin/../../lib/gcc/pic32mx/8.3.1/../../../../pic32mx/lib\libpic32.a(vector40.o)

.bss%z75        0x0000000000000000        0x0
 .bss           0x0000000000000000        0x0 s:/microprocesadores/compiler/bin/bin/../../lib/gcc/pic32mx/8.3.1/../../../../pic32mx/lib\libpic32.a(vector39.o)

.bss%z76        0x0000000000000000        0x0
 .bss           0x0000000000000000        0x0 s:/microprocesadores/compiler/bin/bin/../../lib/gcc/pic32mx/8.3.1/../../../../pic32mx/lib\libpic32.a(vector38.o)

.bss%z77        0x0000000000000000        0x0
 .bss           0x0000000000000000        0x0 s:/microprocesadores/compiler/bin/bin/../../lib/gcc/pic32mx/8.3.1/../../../../pic32mx/lib\libpic32.a(vector37.o)

.bss%z78        0x0000000000000000        0x0
 .bss           0x0000000000000000        0x0 s:/microprocesadores/compiler/bin/bin/../../lib/gcc/pic32mx/8.3.1/../../../../pic32mx/lib\libpic32.a(vector36.o)

.bss%z79        0x0000000000000000        0x0
 .bss           0x0000000000000000        0x0 s:/microprocesadores/compiler/bin/bin/../../lib/gcc/pic32mx/8.3.1/../../../../pic32mx/lib\libpic32.a(vector35.o)

.bss%z80        0x0000000000000000        0x0
 .bss           0x0000000000000000        0x0 s:/microprocesadores/compiler/bin/bin/../../lib/gcc/pic32mx/8.3.1/../../../../pic32mx/lib\libpic32.a(vector33.o)

.bss%z81        0x0000000000000000        0x0
 .bss           0x0000000000000000        0x0 s:/microprocesadores/compiler/bin/bin/../../lib/gcc/pic32mx/8.3.1/../../../../pic32mx/lib\libpic32.a(vector31.o)

.bss%z82        0x0000000000000000        0x0
 .bss           0x0000000000000000        0x0 s:/microprocesadores/compiler/bin/bin/../../lib/gcc/pic32mx/8.3.1/../../../../pic32mx/lib\libpic32.a(vector30.o)

.bss%z83        0x0000000000000000        0x0
 .bss           0x0000000000000000        0x0 s:/microprocesadores/compiler/bin/bin/../../lib/gcc/pic32mx/8.3.1/../../../../pic32mx/lib\libpic32.a(vector29.o)

.bss%z84        0x0000000000000000        0x0
 .bss           0x0000000000000000        0x0 s:/microprocesadores/compiler/bin/bin/../../lib/gcc/pic32mx/8.3.1/../../../../pic32mx/lib\libpic32.a(vector28.o)

.bss%z85        0x0000000000000000        0x0
 .bss           0x0000000000000000        0x0 s:/microprocesadores/compiler/bin/bin/../../lib/gcc/pic32mx/8.3.1/../../../../pic32mx/lib\libpic32.a(vector27.o)

.bss%z86        0x0000000000000000        0x0
 .bss           0x0000000000000000        0x0 s:/microprocesadores/compiler/bin/bin/../../lib/gcc/pic32mx/8.3.1/../../../../pic32mx/lib\libpic32.a(vector26.o)

.bss%z87        0x0000000000000000        0x0
 .bss           0x0000000000000000        0x0 s:/microprocesadores/compiler/bin/bin/../../lib/gcc/pic32mx/8.3.1/../../../../pic32mx/lib\libpic32.a(vector25.o)

.bss%z88        0x0000000000000000        0x0
 .bss           0x0000000000000000        0x0 s:/microprocesadores/compiler/bin/bin/../../lib/gcc/pic32mx/8.3.1/../../../../pic32mx/lib\libpic32.a(vector24.o)

.bss%z89        0x0000000000000000        0x0
 .bss           0x0000000000000000        0x0 s:/microprocesadores/compiler/bin/bin/../../lib/gcc/pic32mx/8.3.1/../../../../pic32mx/lib\libpic32.a(vector23.o)

.bss%z90        0x0000000000000000        0x0
 .bss           0x0000000000000000        0x0 s:/microprocesadores/compiler/bin/bin/../../lib/gcc/pic32mx/8.3.1/../../../../pic32mx/lib\libpic32.a(vector22.o)

.bss%z91        0x0000000000000000        0x0
 .bss           0x0000000000000000        0x0 s:/microprocesadores/compiler/bin/bin/../../lib/gcc/pic32mx/8.3.1/../../../../pic32mx/lib\libpic32.a(vector21.o)

.bss%z92        0x0000000000000000        0x0
 .bss           0x0000000000000000        0x0 s:/microprocesadores/compiler/bin/bin/../../lib/gcc/pic32mx/8.3.1/../../../../pic32mx/lib\libpic32.a(vector19.o)

.bss%z93        0x0000000000000000        0x0
 .bss           0x0000000000000000        0x0 s:/microprocesadores/compiler/bin/bin/../../lib/gcc/pic32mx/8.3.1/../../../../pic32mx/lib\libpic32.a(vector18.o)

.bss%z94        0x0000000000000000        0x0
 .bss           0x0000000000000000        0x0 s:/microprocesadores/compiler/bin/bin/../../lib/gcc/pic32mx/8.3.1/../../../../pic32mx/lib\libpic32.a(vector17.o)

.bss%z95        0x0000000000000000        0x0
 .bss           0x0000000000000000        0x0 s:/microprocesadores/compiler/bin/bin/../../lib/gcc/pic32mx/8.3.1/../../../../pic32mx/lib\libpic32.a(vector15.o)

.bss%z96        0x0000000000000000        0x0
 .bss           0x0000000000000000        0x0 s:/microprocesadores/compiler/bin/bin/../../lib/gcc/pic32mx/8.3.1/../../../../pic32mx/lib\libpic32.a(vector14.o)

.bss%z97        0x0000000000000000        0x0
 .bss           0x0000000000000000        0x0 s:/microprocesadores/compiler/bin/bin/../../lib/gcc/pic32mx/8.3.1/../../../../pic32mx/lib\libpic32.a(vector13.o)

.bss%z98        0x0000000000000000        0x0
 .bss           0x0000000000000000        0x0 s:/microprocesadores/compiler/bin/bin/../../lib/gcc/pic32mx/8.3.1/../../../../pic32mx/lib\libpic32.a(vector11.o)

.bss%z99        0x0000000000000000        0x0
 .bss           0x0000000000000000        0x0 s:/microprocesadores/compiler/bin/bin/../../lib/gcc/pic32mx/8.3.1/../../../../pic32mx/lib\libpic32.a(vector10.o)

.bss%z100       0x0000000000000000        0x0
 .bss           0x0000000000000000        0x0 s:/microprocesadores/compiler/bin/bin/../../lib/gcc/pic32mx/8.3.1/../../../../pic32mx/lib\libpic32.a(vector9.o)

.bss%z101       0x0000000000000000        0x0
 .bss           0x0000000000000000        0x0 s:/microprocesadores/compiler/bin/bin/../../lib/gcc/pic32mx/8.3.1/../../../../pic32mx/lib\libpic32.a(vector8.o)

.bss%z102       0x0000000000000000        0x0
 .bss           0x0000000000000000        0x0 s:/microprocesadores/compiler/bin/bin/../../lib/gcc/pic32mx/8.3.1/../../../../pic32mx/lib\libpic32.a(vector7.o)

.bss%z103       0x0000000000000000        0x0
 .bss           0x0000000000000000        0x0 s:/microprocesadores/compiler/bin/bin/../../lib/gcc/pic32mx/8.3.1/../../../../pic32mx/lib\libpic32.a(vector6.o)

.bss%z104       0x0000000000000000        0x0
 .bss           0x0000000000000000        0x0 s:/microprocesadores/compiler/bin/bin/../../lib/gcc/pic32mx/8.3.1/../../../../pic32mx/lib\libpic32.a(vector5.o)

.bss%z105       0x0000000000000000        0x0
 .bss           0x0000000000000000        0x0 s:/microprocesadores/compiler/bin/bin/../../lib/gcc/pic32mx/8.3.1/../../../../pic32mx/lib\libpic32.a(vector3.o)

.bss%z106       0x0000000000000000        0x0
 .bss           0x0000000000000000        0x0 s:/microprocesadores/compiler/bin/bin/../../lib/gcc/pic32mx/8.3.1/../../../../pic32mx/lib\libpic32.a(vector2.o)

.bss%z107       0x0000000000000000        0x0
 .bss           0x0000000000000000        0x0 s:/microprocesadores/compiler/bin/bin/../../lib/gcc/pic32mx/8.3.1/../../../../pic32mx/lib\libpic32.a(vector1.o)

.bss%z108       0x0000000000000000        0x0
 .bss           0x0000000000000000        0x0 s:/microprocesadores/compiler/bin/bin/../../lib/gcc/pic32mx/8.3.1/../../../../pic32mx/lib\libpic32.a(vector0.o)

.bss%z109       0x0000000000000000        0x0
 .bss           0x0000000000000000        0x0 s:/microprocesadores/compiler/bin/bin/../../lib/gcc/pic32mx/8.3.1/../../../../pic32mx/lib\libpic32.a(general-exception.o)

.bss%z110       0x0000000000000000        0x0
 .bss           0x0000000000000000        0x0 s:/microprocesadores/compiler/bin/bin/../../lib/gcc/pic32mx/8.3.1/../../../../pic32mx/lib\libpic32.a(pic32_data_init_0_1.o)

.bss%z111       0x0000000000000000        0x0
 .bss           0x0000000000000000        0x0 s:/microprocesadores/compiler/bin/bin/../../lib/gcc/pic32mx/8.3.1/../../../../pic32mx/lib\libpic32.a(pic32_data_init_wrapper.o)

.bss%z112       0x0000000000000000        0x0
 .bss           0x0000000000000000        0x0 s:/microprocesadores/compiler/bin/bin/../../lib/gcc/pic32mx/8.3.1/../../../../pic32mx/lib\libpic32.a(default-nmi-handler.o)

.bss%z113       0x0000000000000000        0x0
 .bss           0x0000000000000000        0x0 s:/microprocesadores/compiler/bin/bin/../../lib/gcc/pic32mx/8.3.1/../../../../pic32mx/lib\libpic32.a(default-on-bootstrap.o)

.bss%z114       0x0000000000000000        0x0
 .bss           0x0000000000000000        0x0 s:/microprocesadores/compiler/bin/bin/../../lib/gcc/pic32mx/8.3.1/../../../../pic32mx/lib\libpic32.a(default-on-reset.o)

.bss%z115       0x0000000000000000        0x0
 .bss           0x0000000000000000        0x0 s:/microprocesadores/compiler/bin/bin/../../lib/gcc/pic32mx/8.3.1/../../../../pic32mx/lib\libpic32.a(default-bootstrap-exception-handler.o)

.bss%z116       0x0000000000000000        0x0
 .bss           0x0000000000000000        0x0 s:/microprocesadores/compiler/bin/bin/../../lib/gcc/pic32mx/8.3.1/../../../../pic32mx/lib\pic32_software_reset.o

.bss%z117       0x0000000000000000        0x0
 .bss           0x0000000000000000        0x0 C:\Users\Usuario\AppData\Local\Temp\ccpgX2F1.o

.bss%z118       0x0000000000000000        0x0
 .bss           0x0000000000000000        0x0 C:\Users\Usuario\AppData\Local\Temp\ccRMD1fF.o

.bss%z119       0x0000000000000000        0x0
 .bss           0x0000000000000000        0x0 C:\Users\Usuario\AppData\Local\Temp\cczvIf4o.o

.bss%z120       0x0000000000000000        0x0
 .bss           0x0000000000000000        0x0 build/default/production/LucesParpadeo.o

.bss%z121       0x0000000000000000        0x0
 .bss           0x0000000000000000        0x0 build/default/production/ultrasound_sensor.o

.bss%z122       0x0000000000000000        0x0
 .bss           0x0000000000000000        0x0 build/default/production/buzzer.o

.bss%z123       0x0000000000000000        0x0
 .bss           0x0000000000000000        0x0 build/default/production/PFinal.o

.bss%z124       0x0000000000000000        0x0
 .bss           0x0000000000000000        0x0 build/default/production/COCHE.o

.bss%z125       0x0000000000000000        0x0
 .bss           0x0000000000000000        0x0 build/default/production/retardo.o

.bss%z126       0x0000000000000000        0x0
 .bss           0x0000000000000000        0x0 build/default/production/Pic32Ini.o

.bss%z127       0x0000000000000000        0x0
 .bss           0x0000000000000000        0x0 s:/microprocesadores/compiler/bin/bin/../../lib/gcc/pic32mx/8.3.1/../../../../pic32mx/lib\debug-exception-return.o

._debug_exception
                0x00000000bfc00480       0x2c
 ._debug_exception
                0x00000000bfc00480       0x2c s:/microprocesadores/compiler/bin/bin/../../lib/gcc/pic32mx/8.3.1/../../../../pic32mx/lib\debug-exception-return.o
                0x00000000bfc00480                __DbgExecReturn

.text           0x000000009d000000      0xcb0
 .text          0x000000009d000000      0x7b8 build/default/production/ultrasound_sensor.o
                0x000000009d000000                inicializar_timer1
                0x000000009d000094                parar_timer1
                0x000000009d0000d0                reiniciar_variables_trig
                0x000000009d0000fc                inicializar_timer4
                0x000000009d000190                parar_timer4
                0x000000009d0001bc                InterrupcionTimer4
                0x000000009d000300                enable_interrupciones_echo
                0x000000009d0003a0                CN_Interrupt
                0x000000009d00056c                InterrupcionTimer1
                0x000000009d000704                inicializar_ultrasound_sensor
                0x000000009d000794                get_distance
 .text          0x000000009d0007b8      0x4f8 build/default/production/UART.o
                0x000000009d0007b8                InterruptUART1
                0x000000009d000978                getChar
                0x000000009d0009f4                enviarUART
                0x000000009d000ac0                inicializarUART

.text           0x000000009d000cb0      0x908
 .text          0x000000009d000cb0      0x488 build/default/production/buzzer.o
                0x000000009d000cb0                calculate_PR3
                0x000000009d000cf8                sound
                0x000000009d000d6c                initialize_peripherals
                0x000000009d000e84                InicializarTimer3
                0x000000009d000f18                InterrupcionTimer3
                0x000000009d00101c                calculate_variables
                0x000000009d001080                inicializar_buzzer
                0x000000009d0010c4                sound_siren
                0x000000009d001100                stop_siren
 .text          0x000000009d001138      0x480 build/default/production/LucesParpadeo.o
                0x000000009d001138                InicializarTimer5
                0x000000009d0011cc                InterrupcionTimer5
                0x000000009d001388                PararTimer5
                0x000000009d0013b4                incializar_luces_parpadeo
                0x000000009d0013f0                encender_todas_luces
                0x000000009d00142c                encender_luces_rojas
                0x000000009d00145c                encender_luces_azules
                0x000000009d00148c                luces_policia
                0x000000009d0014c8                luces_rojas_parpadeo
                0x000000009d0014f4                luces_azules_parpadeo
                0x000000009d001520                apagar_todas_luces
                0x000000009d001558                parpadear_rojas
                0x000000009d001588                parpadear_azules

.text.dp32mul   0x000000009d0015b8      0x32c
 .text.dp32mul  0x000000009d0015b8      0x32c s:/microprocesadores/compiler/bin/bin/../../lib/gcc/pic32mx/8.3.1/../../../../pic32mx/lib\libm.a(dp32mul.o)
                0x000000009d0015b8                __muldf3
                0x000000009d0015b8                dpmul

.text           0x000000009d0018e4      0x4c4
 .text          0x000000009d0018e4      0x27c build/default/production/COCHE.o
                0x000000009d0018e4                inicializarCoche
                0x000000009d001980                encenderCoche
                0x000000009d001a14                avanzar
                0x000000009d001a54                marchaAtras
                0x000000009d001a94                girarIzq
                0x000000009d001ae0                girarDer
                0x000000009d001b2c                pararCoche
 .text          0x000000009d001b60      0x248 build/default/production/retardo.o
                0x000000009d001b60                retardo
                0x000000009d001cb8                calcular_prescaler

.text           0x000000009d001da8      0x174
 .text          0x000000009d001da8      0x174 build/default/production/PFinal.o
                0x000000009d001da8                main

.text.dptofp    0x000000009d001f1c      0x100
 .text.dptofp   0x000000009d001f1c      0x100 s:/microprocesadores/compiler/bin/bin/../../lib/gcc/pic32mx/8.3.1/../../../../pic32mx/lib\libm.a(dptofp.o)
                0x000000009d001f1c                __truncdfsf2
                0x000000009d001f1c                dptofp

.text.general_exception
                0x000000009d00201c       0xdc
 .text.general_exception
                0x000000009d00201c       0xdc s:/microprocesadores/compiler/bin/bin/../../lib/gcc/pic32mx/8.3.1/../../../../pic32mx/lib\libpic32.a(general-exception.o)
                0x000000009d00201c                _general_exception_context

.text.fpcmplt   0x000000009d0020f8       0x9c
 .text.fpcmplt  0x000000009d0020f8       0x9c s:/microprocesadores/compiler/bin/bin/../../lib/gcc/pic32mx/8.3.1/../../../../pic32mx/lib\libm.a(fpcmplt.o)
                0x000000009d0020f8                fpcmplt
                0x000000009d0020f8                __ltsf2
                0x000000009d0020f8                __lesf2

.text.dinit.startup
                0x000000009d002194       0x80
 .text.dinit.startup
                0x000000009d002194       0x80 s:/microprocesadores/compiler/bin/bin/../../lib/gcc/pic32mx/8.3.1/../../../../pic32mx/lib\libpic32.a(pic32_data_init_0_1.o)